^Cets Jul 29 2019 12:21:46

rst:0x1 (POWERON_RESET),boot:0x13 (SPI_FAST_FLASH_BOOT)
configsip: 0, SPIWP:0xee
clk_drv:0x00,q_drv:0x00,d_drv:0x00,cs0_drv:0x00,hd_drv:0x00,wp_drv:0x00
mode:DIO, clock div:2
load:0x3fff0030,len:6380
ho 0 tail 12 room 4
load:0x40078000,len:15916
load:0x40080400,len:3860
entry 0x40080638
I (29) boot: ESP-IDF v5.5 2nd stage bootloader
I (29) boot: compile time Sep 11 2025 17:11:13
I (29) boot: Multicore bootloader
I (30) boot: chip revision: v3.1
I (33) boot.esp32: SPI Speed      : 40MHz
I (37) boot.esp32: SPI Mode       : DIO
I (40) boot.esp32: SPI Flash Size : 8MB
I (44) boot: Enabling RNG early entropy source...
I (49) boot: Partition Table:
I (51) boot: ## Label            Usage          Type ST Offset   Length
I (57) boot:  0 nvs              WiFi data        01 02 00009000 00006000
I (64) boot:  1 phy_init         RF data          01 01 0000f000 00001000
I (71) boot:  2 otadata          OTA data         01 00 00010000 00002000
I (77) boot:  3 ota_0            OTA app          00 10 00020000 001f0000
I (84) boot:  4 ota_1            OTA app          00 11 00210000 001f0000
I (90) boot:  5 www_0            Unknown data     01 82 00410000 001f8000
I (97) boot:  6 www_1            Unknown data     01 82 00608000 001f8000
I (103) boot: End of partition table
I (107) esp_image: segment 0: paddr=00020020 vaddr=3f400020 size=2ba90h (178832) map
I (175) esp_image: segment 1: paddr=0004bab8 vaddr=3ff80000 size=00020h (    32) load
I (175) esp_image: segment 2: paddr=0004bae0 vaddr=3ffb0000 size=0405ch ( 16476) load
I (185) esp_image: segment 3: paddr=0004fb44 vaddr=40080000 size=004d4h (  1236) load
I (187) esp_image: segment 4: paddr=00050020 vaddr=400d0020 size=cbd90h (834960) map
I (479) esp_image: segment 5: paddr=0011bdb8 vaddr=400804d4 size=19320h (103200) load
I (532) boot: Loaded app from partition at offset 0x20000
I (532) boot: Disabling RNG early entropy source...
[0;32mI (543) cpu_start: Multicore app[0m
[0;32mI (551) cpu_start: Pro cpu start user code[0m
[0;32mI (551) cpu_start: cpu freq: 160000000 Hz[0m
[0;32mI (551) app_init: Application information:[0m
[0;32mI (554) app_init: Project name:     main[0m
[0;32mI (559) app_init: App version:      54816be-dirty[0m
[0;32mI (564) app_init: Compile time:     Sep 11 2025 17:11:07[0m
[0;32mI (570) app_init: ELF file SHA256:  c27faa659c171619...[0m
[0;32mI (576) app_init: ESP-IDF:          v5.5[0m
[0;32mI (580) efuse_init: Min chip rev:     v0.0[0m
[0;32mI (585) efuse_init: Max chip rev:     v3.99 [0m
[0;32mI (590) efuse_init: Chip rev:         v3.1[0m
[0;32mI (595) heap_init: Initializing. RAM available for dynamic allocation:[0m
[0;32mI (602) heap_init: At 3FFAE6E0 len 00001920 (6 KiB): DRAM[0m
[0;32mI (608) heap_init: At 3FFBB5C8 len 00024A38 (146 KiB): DRAM[0m
[0;32mI (615) heap_init: At 3FFE0440 len 00003AE0 (14 KiB): D/IRAM[0m
[0;32mI (621) heap_init: At 3FFE4350 len 0001BCB0 (111 KiB): D/IRAM[0m
[0;32mI (627) heap_init: At 400997F4 len 0000680C (26 KiB): IRAM[0m
[0;32mI (635) spi_flash: detected chip: generic[0m
[0;32mI (638) spi_flash: flash io: dio[0m
[0;33mW (642) i2c: This driver is an old driver, please migrate your application code to adapt `driver/i2c_master.h`[0m
[0;32mI (654) main_task: Started on CPU0[0m
[0;32mI (664) main_task: Calling app_main()[0m
[0;32mI (664) FIRMWARE: Version: 0.1.1[0m
[0;32mI (664) CONFIG: CLOCK[0m
[0;31mE (664) i2c: i2c_master_cmd_begin(1552): i2c driver not installed[0m
[0;31mE (674) i2c: i2c_master_cmd_begin(1552): i2c driver not installed[0m
[0;31mE (674) i2c: i2c_master_cmd_begin(1552): i2c driver not installed[0m
[0;32mI (694) SERVER: Initializing the server...[0m
[0;32mI (724) INIT: web_app_version found: 0.0.0[0m
[0;32mI (724) INIT: firm_version found: 0.0.0[0m
[0;32mI (724) mdns_mem: mDNS task will be created from internal RAM[0m
[0;33mW (724) SERVER: No Wi-Fi config in NVS, defaulting to Hotspot (AP) mode[0m
[0;33mW (734) MQTT: MQTT enable flag not found in NVS, defaulting to disabled[0m
I (744) wifi:wifi driver task: 3ffc8e00, prio:23, stack:6656, core=0
[0;33mW (744) MQTT: MQTT broker address not found, using empty string[0m
[0;33mW (754) MQTT: MQTT port not found, defaulting to 1883[0m
[0;32mI (754) RTC: RTCHandlingTask[0m
I (764) wifi:[0;32mI (764) MQTT: MQTT is disabled in configuration[0m
wifi firmware version: f3dbad7[0;32mI (764) MQTT: MQTT disabled in configuration; waiting for update[0m

I (774) wifi:wifi certification version: v7.0
I (784) wifi:config NVS flash: enabled
I (784) wifi:config nano formatting: disabled
I (784) wifi:Init data frame dynamic rx buffer num: 32
I (794) wifi:Init static rx mgmt buffer num: 5
I (794) wifi:Init management short buffer num: 32
I (804) wifi:Init dynamic tx buffer num: 32
I (804) wifi:Init static rx buffer size: 1600
I (814) wifi:Init static rx buffer num: 10
I (814) wifi:Init dynamic rx buffer num: 32
[0;32mI (824) wifi_init: rx ba win: 6[0m
[0;32mI (824) wifi_init: accept mbox: 6[0m
[0;32mI (824) wifi_init: tcpip mbox: 32[0m
[0;32mI (834) wifi_init: udp mbox: 6[0m
[0;32mI (834) wifi_init: tcp mbox: 6[0m
[0;32mI (834) wifi_init: tcp tx win: 5744[0m
[0;32mI (844) wifi_init: tcp rx win: 5744[0m
[0;32mI (844) wifi_init: tcp mss: 1440[0m
[0;32mI (854) wifi_init: WiFi IRAM OP enabled[0m
[0;32mI (854) wifi_init: WiFi RX IRAM OP enabled[0m
[0;32mI (864) phy_init: phy_version 4860,6b7a6e5,Feb  6 2025,14:47:07[0m
I (944) wifi:mode : softAP (04:83:08:24:32:79)
I (944) wifi:Total power save buffer number: 16
I (944) wifi:Init max length of beacon: 752/752
I (954) wifi:Init max length of beacon: 752/752
[0;32mI (954) SERVER: Hotspot started with SSID: 7-Flip-HotSpot[0m
[0;32mI (954) esp_netif_lwip: DHCP server started on interface WIFI_AP_DEF with IP: 192.168.4.1[0m
[0;32mI (964) SERVER: Mounting web partition: www_0[0m
[0;32mI (984) DISP: Display count: 1[0m
[0;32mI (1034) CONFIG: Load `status` from NVS...[0m
[0;32mI (1074) CONFIG: Printing config file..[0m
[0;32mI (1084) CONFIG: total_groups: 1[0m
[0;32mI (1084) CONFIG: display_number: 1[0m
[0;32mI (1084) CONFIG: led: 0[0m
[0;32mI (1084) CONFIG: timezone: [0m
[0;32mI (1084) CONFIG: groups[0].mode: 4[0m
[0;32mI (1124) SERVER: Partition www_0 size: total: 1890281, used: 1142803[0m
[0;32mI (1124) REST: Starting HTTP Server[0m
[0;32mI (1124) SERVER: Server started[0m
I (20874) wifi:new:<1,0>, old:<1,1>, ap:<1,0>, sta:<255,255>, prof:1, snd_ch_cfg:0x0
I (20874) wifi:station: 8e:60:74:1e:b0:86 join, AID=1, bgn, 20
I (20934) wifi:<ba-add>idx:2 (ifx:1, 8e:60:74:1e:b0:86), tid:6, ssn:0, winSize:64
[0;32mI (21114) esp_netif_lwip: DHCP server assigned IP to a client, IP is: 192.168.4.2[0m
I (21334) wifi:<ba-add>idx:3 (ifx:1, 8e:60:74:1e:b0:86), tid:0, ssn:2, winSize:64
[0;32mI (21374) REST: File sending complete[0m
[0;32mI (21664) REST: File sending complete[0m
[0;32mI (21924) REST: File sending complete[0m
[0;32mI (22044) REST: File sending complete[0m
[0;32mI (23614) REST: File sending complete[0m
[0;32mI (23654) REST: File sending complete[0m
I (32214) wifi:<ba-add>idx:4 (ifx:1, 8e:60:74:1e:b0:86), tid:1, ssn:0, winSize:64
I (44674) wifi:station: 8e:60:74:1e:b0:86 leave, AID = 1, reason = 2, bss_flags is 691315, bss:0x3ffc1a84
I (44674) wifi:new:<1,0>, old:<1,0>, ap:<1,0>, sta:<255,255>, prof:1, snd_ch_cfg:0x0
I (44674) wifi:<ba-del>idx:3, tid:0
I (44684) wifi:<ba-del>idx:4, tid:1
I (44684) wifi:<ba-del>idx:2, tid:6
I (44744) wifi:flush txq
I (44744) wifi:stop sw txq
I (44744) wifi:lmac stop hw txq
ets Jul 29 2019 12:21:46

rst:0xc (SW_CPU_RESET),boot:0x13 (SPI_FAST_FLASH_BOOT)
configsip: 0, SPIWP:0xee
clk_drv:0x00,q_drv:0x00,d_drv:0x00,cs0_drv:0x00,hd_drv:0x00,wp_drv:0x00
mode:DIO, clock div:2
load:0x3fff0030,len:6380
ho 0 tail 12 room 4
load:0x40078000,len:15916
load:0x40080400,len:3860
entry 0x40080638
I (29) boot: ESP-IDF v5.5 2nd stage bootloader
I (29) boot: compile time Sep 11 2025 17:11:13
I (29) boot: Multicore bootloader
I (30) boot: chip revision: v3.1
I (33) boot.esp32: SPI Speed      : 40MHz
I (37) boot.esp32: SPI Mode       : DIO
I (40) boot.esp32: SPI Flash Size : 8MB
I (44) boot: Enabling RNG early entropy source...
I (48) boot: Partition Table:
I (51) boot: ## Label            Usage          Type ST Offset   Length
I (57) boot:  0 nvs              WiFi data        01 02 00009000 00006000
I (64) boot:  1 phy_init         RF data          01 01 0000f000 00001000
I (70) boot:  2 otadata          OTA data         01 00 00010000 00002000
I (77) boot:  3 ota_0            OTA app          00 10 00020000 001f0000
I (83) boot:  4 ota_1            OTA app          00 11 00210000 001f0000
I (90) boot:  5 www_0            Unknown data     01 82 00410000 001f8000
I (96) boot:  6 www_1            Unknown data     01 82 00608000 001f8000
I (103) boot: End of partition table
I (107) esp_image: segment 0: paddr=00020020 vaddr=3f400020 size=2ba90h (178832) map
I (175) esp_image: segment 1: paddr=0004bab8 vaddr=3ff80000 size=00020h (    32) load
I (175) esp_image: segment 2: paddr=0004bae0 vaddr=3ffb0000 size=0405ch ( 16476) load
I (185) esp_image: segment 3: paddr=0004fb44 vaddr=40080000 size=004d4h (  1236) load
I (187) esp_image: segment 4: paddr=00050020 vaddr=400d0020 size=cbd90h (834960) map
I (479) esp_image: segment 5: paddr=0011bdb8 vaddr=400804d4 size=19320h (103200) load
I (532) boot: Loaded app from partition at offset 0x20000
I (532) boot: Disabling RNG early entropy source...
[0;32mI (543) cpu_start: Multicore app[0m
[0;32mI (551) cpu_start: Pro cpu start user code[0m
[0;32mI (551) cpu_start: cpu freq: 160000000 Hz[0m
[0;32mI (551) app_init: Application information:[0m
[0;32mI (554) app_init: Project name:     main[0m
[0;32mI (558) app_init: App version:      54816be-dirty[0m
[0;32mI (564) app_init: Compile time:     Sep 11 2025 17:11:07[0m
[0;32mI (570) app_init: ELF file SHA256:  c27faa659c171619...[0m
[0;32mI (576) app_init: ESP-IDF:          v5.5[0m
[0;32mI (580) efuse_init: Min chip rev:     v0.0[0m
[0;32mI (585) efuse_init: Max chip rev:     v3.99 [0m
[0;32mI (590) efuse_init: Chip rev:         v3.1[0m
[0;32mI (595) heap_init: Initializing. RAM available for dynamic allocation:[0m
[0;32mI (602) heap_init: At 3FFAE6E0 len 00001920 (6 KiB): DRAM[0m
[0;32mI (608) heap_init: At 3FFBB5C8 len 00024A38 (146 KiB): DRAM[0m
[0;32mI (614) heap_init: At 3FFE0440 len 00003AE0 (14 KiB): D/IRAM[0m
[0;32mI (621) heap_init: At 3FFE4350 len 0001BCB0 (111 KiB): D/IRAM[0m
[0;32mI (627) heap_init: At 400997F4 len 0000680C (26 KiB): IRAM[0m
[0;32mI (635) spi_flash: detected chip: generic[0m
[0;32mI (638) spi_flash: flash io: dio[0m
[0;33mW (642) i2c: This driver is an old driver, please migrate your application code to adapt `driver/i2c_master.h`[0m
[0;32mI (654) main_task: Started on CPU0[0m
[0;32mI (664) main_task: Calling app_main()[0m
[0;32mI (664) FIRMWARE: Version: 0.1.1[0m
[0;32mI (664) CONFIG: CLOCK[0m
[0;31mE (664) i2c: i2c_master_cmd_begin(1552): i2c driver not installed[0m
[0;31mE (674) i2c: i2c_master_cmd_begin(1552): i2c driver not installed[0m
[0;31mE (674) i2c: i2c_master_cmd_begin(1552): i2c driver not installed[0m
[0;32mI (694) SERVER: Initializing the server...[0m
[0;33mW (724) MQTT: MQTT enable flag not found in NVS, defaulting to disabled[0m
[0;32mI (724) INIT: web_app_version found: 0.0.0[0m
[0;33mW (724) MQTT: MQTT broker address not found, using empty string[0m
[0;32mI (724) INIT: firm_version found: 0.0.0[0m
[0;33mW (734) MQTT: MQTT port not found, defaulting to 1883[0m
[0;32mI (734) mdns_mem: mDNS task will be created from internal RAM[0m
[0;32mI (744) MQTT: MQTT is disabled in configuration[0m
[0;32mI (724) RTC: RTCHandlingTask[0m
[0;32mI (754) MQTT: MQTT disabled in configuration; waiting for update[0m
I (764) wifi:wifi driver task: 3ffc8040, prio:23, stack:6656, core=0
I (794) wifi:wifi firmware version: f3dbad7
I (794) wifi:wifi certification version: v7.0
I (794) wifi:config NVS flash: enabled
I (794) wifi:config nano formatting: disabled
I (794) wifi:Init data frame dynamic rx buffer num: 32
I (804) wifi:Init static rx mgmt buffer num: 5
I (804) wifi:Init management short buffer num: 32
I (804) wifi:Init dynamic tx buffer num: 32
I (814) wifi:Init static rx buffer size: 1600
I (814) wifi:Init static rx buffer num: 10
I (824) wifi:Init dynamic rx buffer num: 32
[0;32mI (824) wifi_init: rx ba win: 6[0m
[0;32mI (824) wifi_init: accept mbox: 6[0m
[0;32mI (834) DISP: Display count: 1[0m
[0;32mI (834) wifi_init: tcpip mbox: 32[0m
[0;32mI (844) wifi_init: udp mbox: 6[0m
[0;32mI (844) wifi_init: tcp mbox: 6[0m
[0;32mI (844) wifi_init: tcp tx win: 5744[0m
[0;32mI (854) wifi_init: tcp rx win: 5744[0m
[0;32mI (854) wifi_init: tcp mss: 1440[0m
[0;32mI (864) wifi_init: WiFi IRAM OP enabled[0m
[0;32mI (864) wifi_init: WiFi RX IRAM OP enabled[0m
[0;32mI (934) phy_init: phy_version 4860,6b7a6e5,Feb  6 2025,14:47:07[0m
I (1014) wifi:mode : sta (04:83:08:24:32:78)
I (1014) wifi:enable tsf
[0;32mI (1014) SERVER: Connecting to Wi-Fi: SSID="StacysMom"[0m
[0;32mI (1014) CONFIG: Load `status` from NVS...[0m
[0;32mI (1024) CONFIG: Printing config file..[0m
[0;32mI (1024) CONFIG: total_groups: 1[0m
[0;32mI (1024) CONFIG: display_number: 1[0m
[0;32mI (1034) CONFIG: led: 0[0m
[0;32mI (1034) CONFIG: timezone: [0m
[0;32mI (1034) CONFIG: groups[0].mode: 4[0m
I (1904) wifi:new:<6,0>, old:<1,0>, ap:<255,255>, sta:<6,0>, prof:1, snd_ch_cfg:0x0
I (1904) wifi:state: init -> auth (0xb0)
I (1914) wifi:state: auth -> assoc (0x0)
I (1944) wifi:state: assoc -> run (0x10)
I (1974) wifi:connected with StacysMom, aid = 2, channel 6, BW20, bssid = 38:86:f7:fe:49:14
I (1974) wifi:security: WPA2-PSK, phy: bgn, rssi: -57
I (1994) wifi:pm start, type: 1

I (1994) wifi:dp: 1, bi: 102400, li: 3, scale listen interval from 307200 us to 307200 us
I (2034) wifi:dp: 2, bi: 102400, li: 4, scale listen interval from 307200 us to 409600 us
I (2044) wifi:AP's beacon interval = 102400 us, DTIM period = 2
I (5504) wifi:<ba-add>idx:0 (ifx:0, 38:86:f7:fe:49:14), tid:0, ssn:0, winSize:64
I (5504) wifi:<ba-add>idx:1 (ifx:0, 38:86:f7:fe:49:14), tid:6, ssn:2, winSize:64
[0;32mI (6534) esp_netif_handlers: sta ip: 192.168.86.31, mask: 255.255.255.0, gw: 192.168.86.1[0m
[0;32mI (7014) SERVER: Connected to Wi-Fi network, IP: 192.168.86.31[0m
[0;32mI (7014) SERVER: Mounting web partition: www_0[0m
[0;32mI (7154) SERVER: Partition www_0 size: total: 1890281, used: 1142803[0m
[0;32mI (7154) REST: Starting HTTP Server[0m
[0;32mI (7164) SERVER: Server started[0m
[0;32mI (15344) REST: File sending complete[0m
[0;32mI (15904) REST: File sending complete[0m
[0;32mI (16414) REST: File sending complete[0m
[0;32mI (16544) REST: File sending complete[0m
[0;32mI (16664) REST: File sending complete[0m
[0;32mI (16804) REST: File sending complete[0m
[0;31mE (16884) REST: Failed to open file : /www_0/apple-touch-icon-precomposed.png[0m
[0;33mW (16884) httpd_txrx: httpd_resp_send_err: 500 Internal Server Error - Failed to read existing file[0m
[0;33mW (16894) httpd_uri: httpd_uri: uri handler execution failed[0m
[0;32mI (16964) REST: File sending complete[0m
[0;31mE (17084) REST: Failed to open file : /www_0/apple-touch-icon.png[0m
[0;33mW (17084) httpd_txrx: httpd_resp_send_err: 500 Internal Server Error - Failed to read existing file[0m
[0;33mW (17094) httpd_uri: httpd_uri: uri handler execution failed[0m
[0;32mI (87864) CONFIG: New DATA from APP[0m
[0;32mI (87864) CONFIG: total_groups: 1[0m
[0;32mI (87864) CONFIG: group: 0[0m
[0;32mI (87864) CONFIG: start position: 0[0m
[0;32mI (87874) CONFIG: end position: 0[0m
[0;32mI (87874) CONFIG: separator: 0[0m
[0;32mI (87874) CONFIG: mode: TIMER[0m
[0;32mI (87984) CONFIG: disp_0: 0[0m
[0;32mI (223754) CONFIG: New DATA from APP[0m
[0;32mI (223754) CONFIG: total_groups: 1[0m
[0;32mI (223754) CONFIG: group: 0[0m
[0;32mI (223754) CONFIG: start position: 0[0m
[0;32mI (223754) CONFIG: end position: 0[0m
[0;32mI (223764) CONFIG: separator: 0[0m
[0;32mI (223764) CONFIG: mode: TIMER[0m
[0;32mI (223874) CONFIG: disp_0: 111[0m
I BOD: Brownout detector was triggered


ets Jul 29 2019 12:21:46

rst:0x3 (SW_RESET),boot:0x13 (SPI_FAST_FLASH_BOOT)
configsip: 0, SPIWP:0xee
clk_drv:0x00,q_drv:0x00,d_drv:0x00,cs0_drv:0x00,hd_drv:0x00,wp_drv:0x00
mode:DIO, clock div:2
load:0x3fff0030,len:6380
ho 0 tail 12 room 4
load:0x40078000,len:15916
load:0x40080400,len:3860
entry 0x40080638
I (56) boot: ESP-IDF v5.5 2nd stage bootloader
I (56) boot: compile time Sep 11 2025 17:11:13
I (56) boot: Multicore bootloader
I (58) boot: chip revision: v3.1
I (61) boot.esp32: SPI Speed      : 40MHz
I (65) boot.esp32: SPI Mode       : DIO
I (68) boot.esp32: SPI Flash Size : 8MB
I (72) boot: Enabling RNG early entropy source...
I (76) boot: Partition Table:
I (79) boot: ## Label            Usage          Type ST Offset   Length
I (85) boot:  0 nvs              WiFi data        01 02 00009000 00006000
I (92) boot:  1 phy_init         RF data          01 01 0000f000 00001000
I (98) boot:  2 otadata          OTA data         01 00 00010000 00002000
I (105) boot:  3 ota_0            OTA app          00 10 00020000 001f0000
I (111) boot:  4 ota_1            OTA app          00 11 00210000 001f0000
I (118) boot:  5 www_0            Unknown data     01 82 00410000 001f8000
I (125) boot:  6 www_1            Unknown data     01 82 00608000 001f8000
I (131) boot: End of partition table
I (135) esp_image: segment 0: paddr=00020020 vaddr=3f400020 size=2ba90h (178832) map
I (203) esp_image: segment 1: paddr=0004bab8 vaddr=3ff80000 size=00020h (    32) load
I (204) esp_image: segment 2: paddr=0004bae0 vaddr=3ffb0000 size=0405ch ( 16476) load
I (213) esp_image: segment 3: paddr=0004fb44 vaddr=40080000 size=004d4h (  1236) load
I (215) esp_image: segment 4: paddr=00050020 vaddr=400d0020 size=cbd90h (834960) map
I (507) esp_image: segment 5: paddr=0011bdb8 vaddr=400804d4 size=19320h (103200) load
I (560) boot: Loaded app from partition at offset 0x20000
I (560) boot: Disabling RNG early entropy source...
[0;32mI (571) cpu_start: Multicore app[0m
[0;32mI (579) cpu_start: Pro cpu start user code[0m
[0;32mI (579) cpu_start: cpu freq: 160000000 Hz[0m
[0;32mI (579) app_init: Application information:[0m
[0;32mI (582) app_init: Project name:     main[0m
[0;32mI (587) app_init: App version:      54816be-dirty[0m
[0;32mI (592) app_init: Compile time:     Sep 11 2025 17:11:07[0m
[0;32mI (598) app_init: ELF file SHA256:  c27faa659c171619...[0m
[0;32mI (604) app_init: ESP-IDF:          v5.5[0m
[0;32mI (609) efuse_init: Min chip rev:     v0.0[0m
[0;32mI (613) efuse_init: Max chip rev:     v3.99 [0m
[0;32mI (618) efuse_init: Chip rev:         v3.1[0m
[0;32mI (623) heap_init: Initializing. RAM available for dynamic allocation:[0m
[0;32mI (631) heap_init: At 3FFAE6E0 len 00001920 (6 KiB): DRAM[0m
[0;32mI (636) heap_init: At 3FFBB5C8 len 00024A38 (146 KiB): DRAM[0m
[0;32mI (643) heap_init: At 3FFE0440 len 00003AE0 (14 KiB): D/IRAM[0m
[0;32mI (649) heap_init: At 3FFE4350 len 0001BCB0 (111 KiB): D/IRAM[0m
[0;32mI (656) heap_init: At 400997F4 len 0000680C (26 KiB): IRAM[0m
[0;32mI (663) spi_flash: detected chip: generic[0m
[0;32mI (666) spi_flash: flash io: dio[0m
[0;33mW (670) i2c: This driver is an old driver, please migrate your application code to adapt `driver/i2c_master.h`[0m
[0;32mI (682) main_task: Started on CPU0[0m
[0;32mI (692) main_task: Calling app_main()[0m
[0;32mI (692) FIRMWARE: Version: 0.1.1[0m
[0;32mI (692) CONFIG: CLOCK[0m
[0;31mE (692) i2c: i2c_master_cmd_begin(1552): i2c driver not installed[0m
[0;31mE (702) i2c: i2c_master_cmd_begin(1552): i2c driver not installed[0m
[0;31mE (702) i2c: i2c_master_cmd_begin(1552): i2c driver not installed[0m
[0;32mI (722) SERVER: Initializing the server...[0m
[0;32mI (762) INIT: web_app_version found: 0.0.0[0m
[0;32mI (762) INIT: firm_version found: 0.0.0[0m
[0;32mI (762) mdns_mem: mDNS task will be created from internal RAM[0m
[0;33mW (772) MQTT: MQTT enable flag not found in NVS, defaulting to disabled[0m
[0;33mW (772) MQTT: MQTT broker address not found, using empty string[0m
I (782) wifi:wifi driver task: 3ffc8f08, prio:23, stack:6656, core=0
[0;33mW (792) MQTT: MQTT port not found, defaulting to 1883[0m
[0;32mI (792) RTC: RTCHandlingTask[0m
[0;32mI (792) MQTT: MQTT is disabled in configuration[0m
[0;32mI (802) MQTT: MQTT disabled in configuration; waiting for update[0m
I (802) wifi:wifi firmware version: f3dbad7
I (812) wifi:wifi certification version: v7.0
I (812) wifi:config NVS flash: enabled
I (822) wifi:config nano formatting: disabled
I (822) wifi:Init data frame dynamic rx buffer num: 32
I (832) wifi:Init static rx mgmt buffer num: 5
I (832) wifi:Init management short buffer num: 32
I (832) wifi:Init dynamic tx buffer num: 32
I (842) wifi:Init static rx buffer size: 1600
I (842) wifi:Init static rx buffer num: 10
I (852) wifi:Init dynamic rx buffer num: 32
[0;32mI (852) wifi_init: rx ba win: 6[0m
[0;32mI (852) wifi_init: accept mbox: 6[0m
[0;32mI (862) wifi_init: tcpip mbox: 32[0m
[0;32mI (862) wifi_init: udp mbox: 6[0m
[0;32mI (872) wifi_init: tcp mbox: 6[0m
[0;32mI (872) wifi_init: tcp tx win: 5744[0m
[0;32mI (872) wifi_init: tcp rx win: 5744[0m
[0;32mI (882) wifi_init: tcp mss: 1440[0m
[0;32mI (882) wifi_init: WiFi IRAM OP enabled[0m
[0;32mI (892) wifi_init: WiFi RX IRAM OP enabled[0m
[0;32mI (892) phy_init: phy_version 4860,6b7a6e5,Feb  6 2025,14:47:07[0m
I BOD: Brownout detector was triggered


ets Jul 29 2019 12:21:46

rst:0x3 (SW_RESET),boot:0x13 (SPI_FAST_FLASH_BOOT)
configsip: 0, SPIWP:0xee
clk_drv:0x00,q_drv:0x00,d_drv:0x00,cs0_drv:0x00,hd_drv:0x00,wp_drv:0x00
mode:DIO, clock div:2
load:0x3fff0030,len:6380
ho 0 tail 12 room 4
load:0x40078000,len:15916
load:0x40080400,len:3860
entry 0x40080638
I (56) boot: ESP-IDF v5.5 2nd stage bootloader
I (56) boot: compile time Sep 11 2025 17:11:13
I (56) boot: Multicore bootloader
I (58) boot: chip revision: v3.1
I (61) boot.esp32: SPI Speed      : 40MHz
I (65) boot.esp32: SPI Mode       : DIO
I (68) boot.esp32: SPI Flash Size : 8MB
I (72) boot: Enabling RNG early entropy source...
I (76) boot: Partition Table:
I (79) boot: ## Label            Usage          Type ST Offset   Length
I (85) boot:  0 nvs              WiFi data        01 02 00009000 00006000
I (92) boot:  1 phy_init         RF data          01 01 0000f000 00001000
I (98) boot:  2 otadata          OTA data         01 00 00010000 00002000
I (105) boot:  3 ota_0            OTA app          00 10 00020000 001f0000
I (111) boot:  4 ota_1            OTA app          00 11 00210000 001f0000
I (118) boot:  5 www_0            Unknown data     01 82 00410000 001f8000
I (125) boot:  6 www_1            Unknown data     01 82 00608000 001f8000
I (131) boot: End of partition table
I (135) esp_image: segment 0: paddr=00020020 vaddr=3f400020 size=2ba90h (178832) map
I (203) esp_image: segment 1: paddr=0004bab8 vaddr=3ff80000 size=00020h (    32) load
I (204) esp_image: segment 2: paddr=0004bae0 vaddr=3ffb0000 size=0405ch ( 16476) load
I (213) esp_image: segment 3: paddr=0004fb44 vaddr=40080000 size=004d4h (  1236) load
I (215) esp_image: segment 4: paddr=00050020 vaddr=400d0020 size=cbd90h (834960) map
I (507) esp_image: segment 5: paddr=0011bdb8 vaddr=400804d4 size=19320h (103200) load
I (560) boot: Loaded app from partition at offset 0x20000
I (560) boot: Disabling RNG early entropy source...
[0;32mI (571) cpu_start: Multicore app[0m
[0;32mI (579) cpu_start: Pro cpu start user code[0m
[0;32mI (579) cpu_start: cpu freq: 160000000 Hz[0m
[0;32mI (579) app_init: Application information:[0m
[0;32mI (582) app_init: Project name:     main[0m
[0;32mI (587) app_init: App version:      54816be-dirty[0m
[0;32mI (592) app_init: Compile time:     Sep 11 2025 17:11:07[0m
[0;32mI (598) app_init: ELF file SHA256:  c27faa659c171619...[0m
[0;32mI (604) app_init: ESP-IDF:          v5.5[0m
[0;32mI (609) efuse_init: Min chip rev:     v0.0[0m
[0;32mI (613) efuse_init: Max chip rev:     v3.99 [0m
[0;32mI (618) efuse_init: Chip rev:         v3.1[0m
[0;32mI (623) heap_init: Initializing. RAM available for dynamic allocation:[0m
[0;32mI (631) heap_init: At 3FFAE6E0 len 00001920 (6 KiB): DRAM[0m
[0;32mI (636) heap_init: At 3FFBB5C8 len 00024A38 (146 KiB): DRAM[0m
[0;32mI (643) heap_init: At 3FFE0440 len 00003AE0 (14 KiB): D/IRAM[0m
[0;32mI (649) heap_init: At 3FFE4350 len 0001BCB0 (111 KiB): D/IRAM[0m
[0;32mI (656) heap_init: At 400997F4 len 0000680C (26 KiB): IRAM[0m
[0;32mI (663) spi_flash: detected chip: generic[0m
[0;32mI (666) spi_flash: flash io: dio[0m
[0;33mW (670) i2c: This driver is an old driver, please migrate your application code to adapt `driver/i2c_master.h`[0m
[0;32mI (682) main_task: Started on CPU0[0m
[0;32mI (692) main_task: Calling app_main()[0m
[0;32mI (692) FIRMWARE: Version: 0.1.1[0m
[0;32mI (692) CONFIG: CLOCK[0m
[0;31mE (692) i2c: i2c_master_cmd_begin(1552): i2c driver not installed[0m
[0;31mE (702) i2c: i2c_master_cmd_begin(1552): i2c driver not installed[0m
[0;31mE (702) i2c: i2c_master_cmd_begin(1552): i2c driver not installed[0m
[0;32mI (722) SERVER: Initializing the server...[0m
[0;32mI (762) INIT: web_app_version found: 0.0.0[0m
[0;32mI (762) INIT: firm_version found: 0.0.0[0m
[0;32mI (762) mdns_mem: mDNS task will be created from internal RAM[0m
[0;33mW (772) MQTT: MQTT enable flag not found in NVS, defaulting to disabled[0m
[0;33mW (772) MQTT: MQTT broker address not found, using empty string[0m
I (782) wifi:wifi driver task: 3ffc8f08, prio:23, stack:6656, core=0
[0;33mW (792) MQTT: MQTT port not found, defaulting to 1883[0m
[0;32mI (792) RTC: RTCHandlingTask[0m
[0;32mI (792) MQTT: MQTT is disabled in configuration[0m
[0;32mI (802) MQTT: MQTT disabled in configuration; waiting for update[0m
I (802) wifi:wifi firmware version: f3dbad7
I (812) wifi:wifi certification version: v7.0
I (812) wifi:config NVS flash: enabled
I (822) wifi:config nano formatting: disabled
I (822) wifi:Init data frame dynamic rx buffer num: 32
I (832) wifi:Init static rx mgmt buffer num: 5
I (832) wifi:Init management short buffer num: 32
I (832) wifi:Init dynamic tx buffer num: 32
I (842) wifi:Init static rx buffer size: 1600
I (842) wifi:Init static rx buffer num: 10
I (852) wifi:Init dynamic rx buffer num: 32
[0;32mI (852) wifi_init: rx ba win: 6[0m
[0;32mI (852) wifi_init: accept mbox: 6[0m
[0;32mI (862) wifi_init: tcpip mbox: 32[0m
[0;32mI (862) wifi_init: udp mbox: 6[0m
[0;32mI (872) wifi_init: tcp mbox: 6[0m
[0;32mI (872) wifi_init: tcp tx win: 5744[0m
[0;32mI (872) wifi_init: tcp rx win: 5744[0m
[0;32mI (882) wifi_init: tcp mss: 1440[0m
[0;32mI (882) wifi_init: WiFi IRAM OP enabled[0m
[0;32mI (892) wifi_init: WiFi RX IRAM OP enabled[0m
[0;32mI (892) phy_init: phy_version 4860,6b7a6e5,Feb  6 2025,14:47:07[0m
I BOD: Brownout detector was triggered


ets Jul 29 2019 12:21:46

rst:0x3 (SW_RESET),boot:0x13 (SPI_FAST_FLASH_BOOT)
configsip: 0, SPIWP:0xee
clk_drv:0x00,q_drv:0x00,d_drv:0x00,cs0_drv:0x00,hd_drv:0x00,wp_drv:0x00
mode:DIO, clock div:2
load:0x3fff0030,len:6380
ho 0 tail 12 room 4
load:0x40078000,len:15916
load:0x40080400,len:3860
entry 0x40080638
I (56) boot: ESP-IDF v5.5 2nd stage bootloader
I (56) boot: compile time Sep 11 2025 17:11:13
I (56) boot: Multicore bootloader
I (58) boot: chip revision: v3.1
I (61) boot.esp32: SPI Speed      : 40MHz
I (65) boot.esp32: SPI Mode       : DIO
I (68) boot.esp32: SPI Flash Size : 8MB
I (72) boot: Enabling RNG early entropy source...
I (76) boot: Partition Table:
I (79) boot: ## Label            Usage          Type ST Offset   Length
I (85) boot:  0 nvs              WiFi data        01 02 00009000 00006000
I (92) boot:  1 phy_init         RF data          01 01 0000f000 00001000
I (98) boot:  2 otadata          OTA data         01 00 00010000 00002000
I (105) boot:  3 ota_0            OTA app          00 10 00020000 001f0000
I (111) boot:  4 ota_1            OTA app          00 11 00210000 001f0000
I (118) boot:  5 www_0            Unknown data     01 82 00410000 001f8000
I (125) boot:  6 www_1            Unknown data     01 82 00608000 001f8000
I (131) boot: End of partition table
I (135) esp_image: segment 0: paddr=00020020 vaddr=3f400020 size=2ba90h (178832) map
I (203) esp_image: segment 1: paddr=0004bab8 vaddr=3ff80000 size=00020h (    32) load
I (204) esp_image: segment 2: paddr=0004bae0 vaddr=3ffb0000 size=0405ch ( 16476) load
I (213) esp_image: segment 3: paddr=0004fb44 vaddr=40080000 size=004d4h (  1236) load
I (215) esp_image: segment 4: paddr=00050020 vaddr=400d0020 size=cbd90h (834960) map
I (507) esp_image: segment 5: paddr=0011bdb8 vaddr=400804d4 size=19320h (103200) load
I (560) boot: Loaded app from partition at offset 0x20000
I (560) boot: Disabling RNG early entropy source...
[0;32mI (571) cpu_start: Multicore app[0m
[0;32mI (579) cpu_start: Pro cpu start user code[0m
[0;32mI (579) cpu_start: cpu freq: 160000000 Hz[0m
[0;32mI (579) app_init: Application information:[0m
[0;32mI (582) app_init: Project name:     main[0m
[0;32mI (587) app_init: App version:      54816be-dirty[0m
[0;32mI (592) app_init: Compile time:     Sep 11 2025 17:11:07[0m
[0;32mI (598) app_init: ELF file SHA256:  c27faa659c171619...[0m
[0;32mI (604) app_init: ESP-IDF:          v5.5[0m
[0;32mI (609) efuse_init: Min chip rev:     v0.0[0m
[0;32mI (613) efuse_init: Max chip rev:     v3.99 [0m
[0;32mI (618) efuse_init: Chip rev:         v3.1[0m
[0;32mI (623) heap_init: Initializing. RAM available for dynamic allocation:[0m
[0;32mI (631) heap_init: At 3FFAE6E0 len 00001920 (6 KiB): DRAM[0m
[0;32mI (636) heap_init: At 3FFBB5C8 len 00024A38 (146 KiB): DRAM[0m
[0;32mI (643) heap_init: At 3FFE0440 len 00003AE0 (14 KiB): D/IRAM[0m
[0;32mI (649) heap_init: At 3FFE4350 len 0001BCB0 (111 KiB): D/IRAM[0m
[0;32mI (656) heap_init: At 400997F4 len 0000680C (26 KiB): IRAM[0m
[0;32mI (663) spi_flash: detected chip: generic[0m
[0;32mI (666) spi_flash: flash io: dio[0m
[0;33mW (670) i2c: This driver is an old driver, please migrate your application code to adapt `driver/i2c_master.h`[0m
[0;32mI (682) main_task: Started on CPU0[0m
[0;32mI (692) main_task: Calling app_main()[0m
[0;32mI (692) FIRMWARE: Version: 0.1.1[0m
[0;32mI (692) CONFIG: CLOCK[0m
[0;31mE (692) i2c: i2c_master_cmd_begin(1552): i2c driver not installed[0m
[0;31mE (702) i2c: i2c_master_cmd_begin(1552): i2c driver not installed[0m
[0;31mE (702) i2c: i2c_master_cmd_begin(1552): i2c driver not installed[0m
[0;32mI (722) SERVER: Initializing the server...[0m
[0;32mI (762) INIT: web_app_version found: 0.0.0[0m
[0;32mI (762) INIT: firm_version found: 0.0.0[0m
[0;32mI (762) mdns_mem: mDNS task will be created from internal RAM[0m
[0;33mW (772) MQTT: MQTT enable flag not found in NVS, defaulting to disabled[0m
[0;33mW (772) MQTT: MQTT broker address not found, using empty string[0m
I (782) wifi:wifi driver task: 3ffc8f08, prio:23, stack:6656, core=0
[0;33mW (792) MQTT: MQTT port not found, defaulting to 1883[0m
[0;32mI (792) RTC: RTCHandlingTask[0m
[0;32mI (792) MQTT: MQTT is disabled in configuration[0m
[0;32mI (802) MQTT: MQTT disabled in configuration; waiting for update[0m
I (802) wifi:wifi firmware version: f3dbad7
I (812) wifi:wifi certification version: v7.0
I (812) wifi:config NVS flash: enabled
I (822) wifi:config nano formatting: disabled
I (822) wifi:Init data frame dynamic rx buffer num: 32
I (832) wifi:Init static rx mgmt buffer num: 5
I (832) wifi:Init management short buffer num: 32
I (832) wifi:Init dynamic tx buffer num: 32
I (842) wifi:Init static rx buffer size: 1600
I (842) wifi:Init static rx buffer num: 10
I (852) wifi:Init dynamic rx buffer num: 32
[0;32mI (852) wifi_init: rx ba win: 6[0m
[0;32mI (852) wifi_init: accept mbox: 6[0m
[0;32mI (862) wifi_init: tcpip mbox: 32[0m
[0;32mI (862) wifi_init: udp mbox: 6[0m
[0;32mI (872) wifi_init: tcp mbox: 6[0m
[0;32mI (872) wifi_init: tcp tx win: 5744[0m
[0;32mI (872) wifi_init: tcp rx win: 5744[0m
[0;32mI (882) wifi_init: tcp mss: 1440[0m
[0;32mI (882) wifi_init: WiFi IRAM OP enabled[0m
[0;32mI (892) wifi_init: WiFi RX IRAM OP enabled[0m
[0;32mI (892) phy_init: phy_version 4860,6b7a6e5,Feb  6 2025,14:47:07[0m
I BOD: Brownout detector was triggered


ets Jul 29 2019 12:21:46

rst:0x3 (SW_RESET),boot:0x13 (SPI_FAST_FLASH_BOOT)
configsip: 0, SPIWP:0xee
clk_drv:0x00,q_drv:0x00,d_drv:0x00,cs0_drv:0x00,hd_drv:0x00,wp_drv:0x00
mode:DIO, clock div:2
load:0x3fff0030,len:6380
ho 0 tail 12 room 4
load:0x40078000,len:15916
load:0x40080400,len:3860
entry 0x40080638
I (56) boot: ESP-IDF v5.5 2nd stage bootloader
I (56) boot: compile time Sep 11 2025 17:11:13
I (56) boot: Multicore bootloader
I (58) boot: chip revision: v3.1
I (61) boot.esp32: SPI Speed      : 40MHz
I (65) boot.esp32: SPI Mode       : DIO
I (68) boot.esp32: SPI Flash Size : 8MB
I (72) boot: Enabling RNG early entropy source...
I (76) boot: Partition Table:
I (79) boot: ## Label            Usage          Type ST Offset   Length
I (85) boot:  0 nvs              WiFi data        01 02 00009000 00006000
I (92) boot:  1 phy_init         RF data          01 01 0000f000 00001000
I (98) boot:  2 otadata          OTA data         01 00 00010000 00002000
I (105) boot:  3 ota_0            OTA app          00 10 00020000 001f0000
I (111) boot:  4 ota_1            OTA app          00 11 00210000 001f0000
I (118) boot:  5 www_0            Unknown data     01 82 00410000 001f8000
I (125) boot:  6 www_1            Unknown data     01 82 00608000 001f8000
I (131) boot: End of partition table
I (135) esp_image: segment 0: paddr=00020020 vaddr=3f400020 size=2ba90h (178832) map
I (203) esp_image: segment 1: paddr=0004bab8 vaddr=3ff80000 size=00020h (    32) load
I (204) esp_image: segment 2: paddr=0004bae0 vaddr=3ffb0000 size=0405ch ( 16476) load
I (213) esp_image: segment 3: paddr=0004fb44 vaddr=40080000 size=004d4h (  1236) load
I (215) esp_image: segment 4: paddr=00050020 vaddr=400d0020 size=cbd90h (834960) map
I (508) esp_image: segment 5: paddr=0011bdb8 vaddr=400804d4 size=19320h (103200) load
I (560) boot: Loaded app from partition at offset 0x20000
I (560) boot: Disabling RNG early entropy source...
[0;32mI (571) cpu_start: Multicore app[0m
[0;32mI (579) cpu_start: Pro cpu start user code[0m
[0;32mI (579) cpu_start: cpu freq: 160000000 Hz[0m
[0;32mI (579) app_init: Application information:[0m
[0;32mI (582) app_init: Project name:     main[0m
[0;32mI (587) app_init: App version:      54816be-dirty[0m
[0;32mI (592) app_init: Compile time:     Sep 11 2025 17:11:07[0m
[0;32mI (598) app_init: ELF file SHA256:  c27faa659c171619...[0m
[0;32mI (604) app_init: ESP-IDF:          v5.5[0m
[0;32mI (609) efuse_init: Min chip rev:     v0.0[0m
[0;32mI (613) efuse_init: Max chip rev:     v3.99 [0m
[0;32mI (618) efuse_init: Chip rev:         v3.1[0m
[0;32mI (623) heap_init: Initializing. RAM available for dynamic allocation:[0m
[0;32mI (631) heap_init: At 3FFAE6E0 len 00001920 (6 KiB): DRAM[0m
[0;32mI (636) heap_init: At 3FFBB5C8 len 00024A38 (146 KiB): DRAM[0m
[0;32mI (643) heap_init: At 3FFE0440 len 00003AE0 (14 KiB): D/IRAM[0m
[0;32mI (649) heap_init: At 3FFE4350 len 0001BCB0 (111 KiB): D/IRAM[0m
[0;32mI (656) heap_init: At 400997F4 len 0000680C (26 KiB): IRAM[0m
[0;32mI (663) spi_flash: detected chip: generic[0m
[0;32mI (666) spi_flash: flash io: dio[0m
[0;33mW (670) i2c: This driver is an old driver, please migrate your application code to adapt `driver/i2c_master.h`[0m
[0;32mI (682) main_task: Started on CPU0[0m
[0;32mI (692) main_task: Calling app_main()[0m
[0;32mI (692) FIRMWARE: Version: 0.1.1[0m
[0;32mI (692) CONFIG: CLOCK[0m
[0;31mE (692) i2c: i2c_master_cmd_begin(1552): i2c driver not installed[0m
[0;31mE (702) i2c: i2c_master_cmd_begin(1552): i2c driver not installed[0m
[0;31mE (702) i2c: i2c_master_cmd_begin(1552): i2c driver not installed[0m
[0;32mI (722) SERVER: Initializing the server...[0m
[0;32mI (762) INIT: web_app_version found: 0.0.0[0m
[0;32mI (762) INIT: firm_version found: 0.0.0[0m
[0;32mI (762) mdns_mem: mDNS task will be created from internal RAM[0m
[0;33mW (772) MQTT: MQTT enable flag not found in NVS, defaulting to disabled[0m
[0;33mW (772) MQTT: MQTT broker address not found, using empty string[0m
I (782) wifi:wifi driver task: 3ffc8f08, prio:23, stack:6656, core=0
[0;33mW (792) MQTT: MQTT port not found, defaulting to 1883[0m
[0;32mI (792) RTC: RTCHandlingTask[0m
[0;32mI (792) MQTT: MQTT is disabled in configuration[0m
[0;32mI (802) MQTT: MQTT disabled in configuration; waiting for update[0m
I (802) wifi:wifi firmware version: f3dbad7
I (812) wifi:wifi certification version: v7.0
I (812) wifi:config NVS flash: enabled
I (822) wifi:config nano formatting: disabled
I (822) wifi:Init data frame dynamic rx buffer num: 32
I (832) wifi:Init static rx mgmt buffer num: 5
I (832) wifi:Init management short buffer num: 32
I (832) wifi:Init dynamic tx buffer num: 32
I (842) wifi:Init static rx buffer size: 1600
I (842) wifi:Init static rx buffer num: 10
I (852) wifi:Init dynamic rx buffer num: 32
[0;32mI (852) wifi_init: rx ba win: 6[0m
[0;32mI (852) wifi_init: accept mbox: 6[0m
[0;32mI (862) wifi_init: tcpip mbox: 32[0m
[0;32mI (862) wifi_init: udp mbox: 6[0m
[0;32mI (872) wifi_init: tcp mbox: 6[0m
[0;32mI (872) wifi_init: tcp tx win: 5744[0m
[0;32mI (872) wifi_init: tcp rx win: 5744[0m
[0;32mI (882) wifi_init: tcp mss: 1440[0m
[0;32mI (882) wifi_init: WiFi IRAM OP enabled[0m
[0;32mI (892) wifi_init: WiFi RX IRAM OP enabled[0m
[0;32mI (892) phy_init: phy_version 4860,6b7a6e5,Feb  6 2025,14:47:07[0m
I BOD: Brownout detector was triggered


ets Jul 29 2019 12:21:46

rst:0x3 (SW_RESET),boot:0x13 (SPI_FAST_FLASH_BOOT)
configsip: 0, SPIWP:0xee
clk_drv:0x00,q_drv:0x00,d_drv:0x00,cs0_drv:0x00,hd_drv:0x00,wp_drv:0x00
mode:DIO, clock div:2
load:0x3fff0030,len:6380
ho 0 tail 12 room 4
load:0x40078000,len:15916
load:0x40080400,len:3860
entry 0x40080638
I (56) boot: ESP-IDF v5.5 2nd stage bootloader
I (56) boot: compile time Sep 11 2025 17:11:13
I (56) boot: Multicore bootloader
I (58) boot: chip revision: v3.1
I (61) boot.esp32: SPI Speed      : 40MHz
I (65) boot.esp32: SPI Mode       : DIO
I (68) boot.esp32: SPI Flash Size : 8MB
I (72) boot: Enabling RNG early entropy source...
I (76) boot: Partition Table:
I (79) boot: ## Label            Usage          Type ST Offset   Length
I (85) boot:  0 nvs              WiFi data        01 02 00009000 00006000
I (92) boot:  1 phy_init         RF data          01 01 0000f000 00001000
I (98) boot:  2 otadata          OTA data         01 00 00010000 00002000
I (105) boot:  3 ota_0            OTA app          00 10 00020000 001f0000
I (111) boot:  4 ota_1            OTA app          00 11 00210000 001f0000
I (118) boot:  5 www_0            Unknown data     01 82 00410000 001f8000
I (125) boot:  6 www_1            Unknown data     01 82 00608000 001f8000
I (131) boot: End of partition table
I (135) esp_image: segment 0: paddr=00020020 vaddr=3f400020 size=2ba90h (178832) map
I (203) esp_image: segment 1: paddr=0004bab8 vaddr=3ff80000 size=00020h (    32) load
I (204) esp_image: segment 2: paddr=0004bae0 vaddr=3ffb0000 size=0405ch ( 16476) load
I (213) esp_image: segment 3: paddr=0004fb44 vaddr=40080000 size=004d4h (  1236) load
I (215) esp_image: segment 4: paddr=00050020 vaddr=400d0020 size=cbd90h (834960) map
I (507) esp_image: segment 5: paddr=0011bdb8 vaddr=400804d4 size=19320h (103200) load
I (560) boot: Loaded app from partition at offset 0x20000
I (560) boot: Disabling RNG early entropy source...
[0;32mI (571) cpu_start: Multicore app[0m
[0;32mI (579) cpu_start: Pro cpu start user code[0m
[0;32mI (579) cpu_start: cpu freq: 160000000 Hz[0m
[0;32mI (579) app_init: Application information:[0m
[0;32mI (582) app_init: Project name:     main[0m
[0;32mI (587) app_init: App version:      54816be-dirty[0m
[0;32mI (592) app_init: Compile time:     Sep 11 2025 17:11:07[0m
[0;32mI (598) app_init: ELF file SHA256:  c27faa659c171619...[0m
[0;32mI (604) app_init: ESP-IDF:          v5.5[0m
[0;32mI (609) efuse_init: Min chip rev:     v0.0[0m
[0;32mI (613) efuse_init: Max chip rev:     v3.99 [0m
[0;32mI (618) efuse_init: Chip rev:         v3.1[0m
[0;32mI (623) heap_init: Initializing. RAM available for dynamic allocation:[0m
[0;32mI (631) heap_init: At 3FFAE6E0 len 00001920 (6 KiB): DRAM[0m
[0;32mI (636) heap_init: At 3FFBB5C8 len 00024A38 (146 KiB): DRAM[0m
[0;32mI (643) heap_init: At 3FFE0440 len 00003AE0 (14 KiB): D/IRAM[0m
[0;32mI (649) heap_init: At 3FFE4350 len 0001BCB0 (111 KiB): D/IRAM[0m
[0;32mI (656) heap_init: At 400997F4 len 0000680C (26 KiB): IRAM[0m
[0;32mI (663) spi_flash: detected chip: generic[0m
[0;32mI (666) spi_flash: flash io: dio[0m
[0;33mW (670) i2c: This driver is an old driver, please migrate your application code to adapt `driver/i2c_master.h`[0m
[0;32mI (682) main_task: Started on CPU0[0m
[0;32mI (692) main_task: Calling app_main()[0m
[0;32mI (692) FIRMWARE: Version: 0.1.1[0m
[0;32mI (692) CONFIG: CLOCK[0m
[0;31mE (692) i2c: i2c_master_cmd_begin(1552): i2c driver not installed[0m
[0;31mE (702) i2c: i2c_master_cmd_begin(1552): i2c driver not installed[0m
[0;31mE (702) i2c: i2c_master_cmd_begin(1552): i2c driver not installed[0m
[0;32mI (722) SERVER: Initializing the server...[0m
[0;32mI (762) INIT: web_app_version found: 0.0.0[0m
[0;32mI (762) INIT: firm_version found: 0.0.0[0m
[0;32mI (762) mdns_mem: mDNS task will be created from internal RAM[0m
[0;33mW (772) MQTT: MQTT enable flag not found in NVS, defaulting to disabled[0m
[0;33mW (772) MQTT: MQTT broker address not found, using empty string[0m
I (782) wifi:wifi driver task: 3ffc8f08, prio:23, stack:6656, core=0
[0;33mW (792) MQTT: MQTT port not found, defaulting to 1883[0m
[0;32mI (792) RTC: RTCHandlingTask[0m
[0;32mI (792) MQTT: MQTT is disabled in configuration[0m
[0;32mI (802) MQTT: MQTT disabled in configuration; waiting for update[0m
I (802) wifi:wifi firmware version: f3dbad7
I (812) wifi:wifi certification version: v7.0
I (812) wifi:config NVS flash: enabled
I (822) wifi:config nano formatting: disabled
I (822) wifi:Init data frame dynamic rx buffer num: 32
I (832) wifi:Init static rx mgmt buffer num: 5
I (832) wifi:Init management short buffer num: 32
I (832) wifi:Init dynamic tx buffer num: 32
I (842) wifi:Init static rx buffer size: 1600
I (842) wifi:Init static rx buffer num: 10
I (852) wifi:Init dynamic rx buffer num: 32
[0;32mI (852) wifi_init: rx ba win: 6[0m
[0;32mI (852) wifi_init: accept mbox: 6[0m
[0;32mI (862) wifi_init: tcpip mbox: 32[0m
[0;32mI (862) wifi_init: udp mbox: 6[0m
[0;32mI (872) wifi_init: tcp mbox: 6[0m
[0;32mI (872) wifi_init: tcp tx win: 5744[0m
[0;32mI (872) wifi_init: tcp rx win: 5744[0m
[0;32mI (882) wifi_init: tcp mss: 1440[0m
[0;32mI (882) wifi_init: WiFi IRAM OP enabled[0m
[0;32mI (892) wifi_init: WiFi RX IRAM OP enabled[0m
[0;32mI (892) phy_init: phy_version 4860,6b7a6e5,Feb  6 2025,14:47:07[0m
I BOD: Brownout detector was triggered


ets Jul 29 2019 12:21:46

rst:0x3 (SW_RESET),boot:0x13 (SPI_FAST_FLASH_BOOT)
configsip: 0, SPIWP:0xee
clk_drv:0x00,q_drv:0x00,d_drv:0x00,cs0_drv:0x00,hd_drv:0x00,wp_drv:0x00
mode:DIO, clock div:2
load:0x3fff0030,len:6380
ho 0 tail 12 room 4
load:0x40078000,len:15916
load:0x40080400,len:3860
entry 0x40080638
I (56) boot: ESP-IDF v5.5 2nd stage bootloader
I (56) boot: compile time Sep 11 2025 17:11:13
I (56) boot: Multicore bootloader
I (58) boot: chip revision: v3.1
I (61) boot.esp32: SPI Speed      : 40MHz
I (65) boot.esp32: SPI Mode       : DIO
I (68) boot.esp32: SPI Flash Size : 8MB
I (72) boot: Enabling RNG early entropy source...
I (76) boot: Partition Table:
I (79) boot: ## Label            Usage          Type ST Offset   Length
I (85) boot:  0 nvs              WiFi data        01 02 00009000 00006000
I (92) boot:  1 phy_init         RF data          01 01 0000f000 00001000
I (98) boot:  2 otadata          OTA data         01 00 00010000 00002000
I (105) boot:  3 ota_0            OTA app          00 10 00020000 001f0000
I (111) boot:  4 ota_1            OTA app          00 11 00210000 001f0000
I (118) boot:  5 www_0            Unknown data     01 82 00410000 001f8000
I (125) boot:  6 www_1            Unknown data     01 82 00608000 001f8000
I (131) boot: End of partition table
I (135) esp_image: segment 0: paddr=00020020 vaddr=3f400020 size=2ba90h (178832) map
I (203) esp_image: segment 1: paddr=0004bab8 vaddr=3ff80000 size=00020h (    32) load
I (204) esp_image: segment 2: paddr=0004bae0 vaddr=3ffb0000 size=0405ch ( 16476) load
I (213) esp_image: segment 3: paddr=0004fb44 vaddr=40080000 size=004d4h (  1236) load
I (215) esp_image: segment 4: paddr=00050020 vaddr=400d0020 size=cbd90h (834960) map
I (508) esp_image: segment 5: paddr=0011bdb8 vaddr=400804d4 size=19320h (103200) load
I (560) boot: Loaded app from partition at offset 0x20000
I (560) boot: Disabling RNG early entropy source...
[0;32mI (571) cpu_start: Multicore app[0m
[0;32mI (579) cpu_start: Pro cpu start user code[0m
[0;32mI (579) cpu_start: cpu freq: 160000000 Hz[0m
[0;32mI (579) app_init: Application information:[0m
[0;32mI (582) app_init: Project name:     main[0m
[0;32mI (587) app_init: App version:      54816be-dirty[0m
[0;32mI (592) app_init: Compile time:     Sep 11 2025 17:11:07[0m
[0;32mI (598) app_init: ELF file SHA256:  c27faa659c171619...[0m
[0;32mI (604) app_init: ESP-IDF:          v5.5[0m
[0;32mI (609) efuse_init: Min chip rev:     v0.0[0m
[0;32mI (613) efuse_init: Max chip rev:     v3.99 [0m
[0;32mI (618) efuse_init: Chip rev:         v3.1[0m
[0;32mI (623) heap_init: Initializing. RAM available for dynamic allocation:[0m
[0;32mI (631) heap_init: At 3FFAE6E0 len 00001920 (6 KiB): DRAM[0m
[0;32mI (636) heap_init: At 3FFBB5C8 len 00024A38 (146 KiB): DRAM[0m
[0;32mI (643) heap_init: At 3FFE0440 len 00003AE0 (14 KiB): D/IRAM[0m
[0;32mI (649) heap_init: At 3FFE4350 len 0001BCB0 (111 KiB): D/IRAM[0m
[0;32mI (656) heap_init: At 400997F4 len 0000680C (26 KiB): IRAM[0m
[0;32mI (663) spi_flash: detected chip: generic[0m
[0;32mI (666) spi_flash: flash io: dio[0m
[0;33mW (670) i2c: This driver is an old driver, please migrate your application code to adapt `driver/i2c_master.h`[0m
[0;32mI (682) main_task: Started on CPU0[0m
[0;32mI (692) main_task: Calling app_main()[0m
[0;32mI (692) FIRMWARE: Version: 0.1.1[0m
[0;32mI (692) CONFIG: CLOCK[0m
[0;31mE (692) i2c: i2c_master_cmd_begin(1552): i2c driver not installed[0m
[0;31mE (702) i2c: i2c_master_cmd_begin(1552): i2c driver not installed[0m
[0;31mE (702) i2c: i2c_master_cmd_begin(1552): i2c driver not installed[0m
[0;32mI (722) SERVER: Initializing the server...[0m
[0;32mI (762) INIT: web_app_version found: 0.0.0[0m
[0;32mI (762) INIT: firm_version found: 0.0.0[0m
[0;32mI (762) mdns_mem: mDNS task will be created from internal RAM[0m
[0;33mW (772) MQTT: MQTT enable flag not found in NVS, defaulting to disabled[0m
[0;33mW (772) MQTT: MQTT broker address not found, using empty string[0m
I (782) wifi:wifi driver task: 3ffc8f08, prio:23, stack:6656, core=0
[0;33mW (792) MQTT: MQTT port not found, defaulting to 1883[0m
[0;32mI (792) RTC: RTCHandlingTask[0m
[0;32mI (792) MQTT: MQTT is disabled in configuration[0m
[0;32mI (802) MQTT: MQTT disabled in configuration; waiting for update[0m
I (802) wifi:wifi firmware version: f3dbad7
I (812) wifi:wifi certification version: v7.0
I (812) wifi:config NVS flash: enabled
I (822) wifi:config nano formatting: disabled
I (822) wifi:Init data frame dynamic rx buffer num: 32
I (832) wifi:Init static rx mgmt buffer num: 5
I (832) wifi:Init management short buffer num: 32
I (832) wifi:Init dynamic tx buffer num: 32
I (842) wifi:Init static rx buffer size: 1600
I (842) wifi:Init static rx buffer num: 10
I (852) wifi:Init dynamic rx buffer num: 32
[0;32mI (852) wifi_init: rx ba win: 6[0m
[0;32mI (852) wifi_init: accept mbox: 6[0m
[0;32mI (862) wifi_init: tcpip mbox: 32[0m
[0;32mI (862) wifi_init: udp mbox: 6[0m
[0;32mI (872) wifi_init: tcp mbox: 6[0m
[0;32mI (872) wifi_init: tcp tx win: 5744[0m
[0;32mI (872) wifi_init: tcp rx win: 5744[0m
[0;32mI (882) wifi_init: tcp mss: 1440[0m
[0;32mI (882) wifi_init: WiFi IRAM OP enabled[0m
[0;32mI (892) wifi_init: WiFi RX IRAM OP enabled[0m
[0;32mI (892) phy_init: phy_version 4860,6b7a6e5,Feb  6 2025,14:47:07[0m
I BOD: Brownout detector was triggered


ets Jul 29 2019 12:21:46

rst:0x3 (SW_RESET),boot:0x13 (SPI_FAST_FLASH_BOOT)
configsip: 0, SPIWP:0xee
clk_drv:0x00,q_drv:0x00,d_drv:0x00,cs0_drv:0x00,hd_drv:0x00,wp_drv:0x00
mode:DIO, clock div:2
load:0x3fff0030,len:6380
ho 0 tail 12 room 4
load:0x40078000,len:15916
load:0x40080400,len:3860
entry 0x40080638
I (56) boot: ESP-IDF v5.5 2nd stage bootloader
I (56) boot: compile time Sep 11 2025 17:11:13
I (56) boot: Multicore bootloader
I (58) boot: chip revision: v3.1
I (61) boot.esp32: SPI Speed      : 40MHz
I (65) boot.esp32: SPI Mode       : DIO
I (68) boot.esp32: SPI Flash Size : 8MB
I (72) boot: Enabling RNG early entropy source...
I (76) boot: Partition Table:
I (79) boot: ## Label            Usage          Type ST Offset   Length
I (85) boot:  0 nvs              WiFi data        01 02 00009000 00006000
I (92) boot:  1 phy_init         RF data          01 01 0000f000 00001000
I (98) boot:  2 otadata          OTA data         01 00 00010000 00002000
I (105) boot:  3 ota_0            OTA app          00 10 00020000 001f0000
I (111) boot:  4 ota_1            OTA app          00 11 00210000 001f0000
I (118) boot:  5 www_0            Unknown data     01 82 00410000 001f8000
I (125) boot:  6 www_1            Unknown data     01 82 00608000 001f8000
I (131) boot: End of partition table
I (135) esp_image: segment 0: paddr=00020020 vaddr=3f400020 size=2ba90h (178832) map
I (203) esp_image: segment 1: paddr=0004bab8 vaddr=3ff80000 size=00020h (    32) load
I (204) esp_image: segment 2: paddr=0004bae0 vaddr=3ffb0000 size=0405ch ( 16476) load
I (213) esp_image: segment 3: paddr=0004fb44 vaddr=40080000 size=004d4h (  1236) load
I (215) esp_image: segment 4: paddr=00050020 vaddr=400d0020 size=cbd90h (834960) map
I (508) esp_image: segment 5: paddr=0011bdb8 vaddr=400804d4 size=19320h (103200) load
I (560) boot: Loaded app from partition at offset 0x20000
I (560) boot: Disabling RNG early entropy source...
[0;32mI (571) cpu_start: Multicore app[0m
[0;32mI (579) cpu_start: Pro cpu start user code[0m
[0;32mI (579) cpu_start: cpu freq: 160000000 Hz[0m
[0;32mI (579) app_init: Application information:[0m
[0;32mI (582) app_init: Project name:     main[0m
[0;32mI (587) app_init: App version:      54816be-dirty[0m
[0;32mI (592) app_init: Compile time:     Sep 11 2025 17:11:07[0m
[0;32mI (598) app_init: ELF file SHA256:  c27faa659c171619...[0m
[0;32mI (604) app_init: ESP-IDF:          v5.5[0m
[0;32mI (609) efuse_init: Min chip rev:     v0.0[0m
[0;32mI (613) efuse_init: Max chip rev:     v3.99 [0m
[0;32mI (618) efuse_init: Chip rev:         v3.1[0m
[0;32mI (623) heap_init: Initializing. RAM available for dynamic allocation:[0m
[0;32mI (631) heap_init: At 3FFAE6E0 len 00001920 (6 KiB): DRAM[0m
[0;32mI (636) heap_init: At 3FFBB5C8 len 00024A38 (146 KiB): DRAM[0m
[0;32mI (643) heap_init: At 3FFE0440 len 00003AE0 (14 KiB): D/IRAM[0m
[0;32mI (649) heap_init: At 3FFE4350 len 0001BCB0 (111 KiB): D/IRAM[0m
[0;32mI (656) heap_init: At 400997F4 len 0000680C (26 KiB): IRAM[0m
[0;32mI (663) spi_flash: detected chip: generic[0m
[0;32mI (666) spi_flash: flash io: dio[0m
[0;33mW (670) i2c: This driver is an old driver, please migrate your application code to adapt `driver/i2c_master.h`[0m
[0;32mI (682) main_task: Started on CPU0[0m
[0;32mI (692) main_task: Calling app_main()[0m
[0;32mI (692) FIRMWARE: Version: 0.1.1[0m
[0;32mI (692) CONFIG: CLOCK[0m
[0;31mE (692) i2c: i2c_master_cmd_begin(1552): i2c driver not installed[0m
[0;31mE (702) i2c: i2c_master_cmd_begin(1552): i2c driver not installed[0m
[0;31mE (702) i2c: i2c_master_cmd_begin(1552): i2c driver not installed[0m
[0;32mI (722) SERVER: Initializing the server...[0m
[0;32mI (762) INIT: web_app_version found: 0.0.0[0m
[0;32mI (762) INIT: firm_version found: 0.0.0[0m
[0;32mI (762) mdns_mem: mDNS task will be created from internal RAM[0m
[0;33mW (772) MQTT: MQTT enable flag not found in NVS, defaulting to disabled[0m
[0;33mW (772) MQTT: MQTT broker address not found, using empty string[0m
I (782) wifi:wifi driver task: 3ffc8f08, prio:23, stack:6656, core=0
[0;33mW (792) MQTT: MQTT port not found, defaulting to 1883[0m
[0;32mI (792) RTC: RTCHandlingTask[0m
[0;32mI (792) MQTT: MQTT is disabled in configuration[0m
[0;32mI (802) MQTT: MQTT disabled in configuration; waiting for update[0m
I (802) wifi:wifi firmware version: f3dbad7
I (812) wifi:wifi certification version: v7.0
I (812) wifi:config NVS flash: enabled
I (822) wifi:config nano formatting: disabled
I (822) wifi:Init data frame dynamic rx buffer num: 32
I (832) wifi:Init static rx mgmt buffer num: 5
I (832) wifi:Init management short buffer num: 32
I (832) wifi:Init dynamic tx buffer num: 32
I (842) wifi:Init static rx buffer size: 1600
I (842) wifi:Init static rx buffer num: 10
I (852) wifi:Init dynamic rx buffer num: 32
[0;32mI (852) wifi_init: rx ba win: 6[0m
[0;32mI (852) wifi_init: accept mbox: 6[0m
[0;32mI (862) wifi_init: tcpip mbox: 32[0m
[0;32mI (862) wifi_init: udp mbox: 6[0m
[0;32mI (872) wifi_init: tcp mbox: 6[0m
[0;32mI (872) wifi_init: tcp tx win: 5744[0m
[0;32mI (872) wifi_init: tcp rx win: 5744[0m
[0;32mI (882) wifi_init: tcp mss: 1440[0m
[0;32mI (882) wifi_init: WiFi IRAM OP enabled[0m
[0;32mI (892) wifi_init: WiFi RX IRAM OP enabled[0m
[0;32mI (892) phy_init: phy_version 4860,6b7a6e5,Feb  6 2025,14:47:07[0m
I BOD: Brownout detector was triggered


ets Jul 29 2019 12:21:46

rst:0x3 (SW_RESET),boot:0x13 (SPI_FAST_FLASH_BOOT)
configsip: 0, SPIWP:0xee
clk_drv:0x00,q_drv:0x00,d_drv:0x00,cs0_drv:0x00,hd_drv:0x00,wp_drv:0x00
mode:DIO, clock div:2
load:0x3fff0030,len:6380
ho 0 tail 12 room 4
load:0x40078000,len:15916
load:0x40080400,len:3860
entry 0x40080638
I (56) boot: ESP-IDF v5.5 2nd stage bootloader
I (56) boot: compile time Sep 11 2025 17:11:13
I (56) boot: Multicore bootloader
I (58) boot: chip revision: v3.1
I (61) boot.esp32: SPI Speed      : 40MHz
I (65) boot.esp32: SPI Mode       : DIO
I (68) boot.esp32: SPI Flash Size : 8MB
I (72) boot: Enabling RNG early entropy source...
I (76) boot: Partition Table:
I (79) boot: ## Label            Usage          Type ST Offset   Length
I (85) boot:  0 nvs              WiFi data        01 02 00009000 00006000
I (92) boot:  1 phy_init         RF data          01 01 0000f000 00001000
I (98) boot:  2 otadata          OTA data         01 00 00010000 00002000
I (105) boot:  3 ota_0            OTA app          00 10 00020000 001f0000
I (111) boot:  4 ota_1            OTA app          00 11 00210000 001f0000
I (118) boot:  5 www_0            Unknown data     01 82 00410000 001f8000
I (125) boot:  6 www_1            Unknown data     01 82 00608000 001f8000
I (131) boot: End of partition table
I (135) esp_image: segment 0: paddr=00020020 vaddr=3f400020 size=2ba90h (178832) map
I (203) esp_image: segment 1: paddr=0004bab8 vaddr=3ff80000 size=00020h (    32) load
I (204) esp_image: segment 2: paddr=0004bae0 vaddr=3ffb0000 size=0405ch ( 16476) load
I (213) esp_image: segment 3: paddr=0004fb44 vaddr=40080000 size=004d4h (  1236) load
I (215) esp_image: segment 4: paddr=00050020 vaddr=400d0020 size=cbd90h (834960) map
I (507) esp_image: segment 5: paddr=0011bdb8 vaddr=400804d4 size=19320h (103200) load
I (560) boot: Loaded app from partition at offset 0x20000
I (560) boot: Disabling RNG early entropy source...
[0;32mI (571) cpu_start: Multicore app[0m
[0;32mI (579) cpu_start: Pro cpu start user code[0m
[0;32mI (579) cpu_start: cpu freq: 160000000 Hz[0m
[0;32mI (579) app_init: Application information:[0m
[0;32mI (582) app_init: Project name:     main[0m
[0;32mI (587) app_init: App version:      54816be-dirty[0m
[0;32mI (592) app_init: Compile time:     Sep 11 2025 17:11:07[0m
[0;32mI (598) app_init: ELF file SHA256:  c27faa659c171619...[0m
[0;32mI (604) app_init: ESP-IDF:          v5.5[0m
[0;32mI (609) efuse_init: Min chip rev:     v0.0[0m
[0;32mI (613) efuse_init: Max chip rev:     v3.99 [0m
[0;32mI (618) efuse_init: Chip rev:         v3.1[0m
[0;32mI (623) heap_init: Initializing. RAM available for dynamic allocation:[0m
[0;32mI (631) heap_init: At 3FFAE6E0 len 00001920 (6 KiB): DRAM[0m
[0;32mI (636) heap_init: At 3FFBB5C8 len 00024A38 (146 KiB): DRAM[0m
[0;32mI (643) heap_init: At 3FFE0440 len 00003AE0 (14 KiB): D/IRAM[0m
[0;32mI (649) heap_init: At 3FFE4350 len 0001BCB0 (111 KiB): D/IRAM[0m
[0;32mI (656) heap_init: At 400997F4 len 0000680C (26 KiB): IRAM[0m
[0;32mI (663) spi_flash: detected chip: generic[0m
[0;32mI (666) spi_flash: flash io: dio[0m
[0;33mW (670) i2c: This driver is an old driver, please migrate your application code to adapt `driver/i2c_master.h`[0m
[0;32mI (682) main_task: Started on CPU0[0m
[0;32mI (692) main_task: Calling app_main()[0m
[0;32mI (692) FIRMWARE: Version: 0.1.1[0m
[0;32mI (692) CONFIG: CLOCK[0m
[0;31mE (692) i2c: i2c_master_cmd_begin(1552): i2c driver not installed[0m
[0;31mE (702) i2c: i2c_master_cmd_begin(1552): i2c driver not installed[0m
[0;31mE (702) i2c: i2c_master_cmd_begin(1552): i2c driver not installed[0m
[0;32mI (722) SERVER: Initializing the server...[0m
[0;32mI (762) INIT: web_app_version found: 0.0.0[0m
[0;32mI (762) INIT: firm_version found: 0.0.0[0m
[0;32mI (762) mdns_mem: mDNS task will be created from internal RAM[0m
[0;33mW (772) MQTT: MQTT enable flag not found in NVS, defaulting to disabled[0m
[0;33mW (772) MQTT: MQTT broker address not found, using empty string[0m
I (782) wifi:wifi driver task: 3ffc8f08, prio:23, stack:6656, core=0
[0;33mW (792) MQTT: MQTT port not found, defaulting to 1883[0m
[0;32mI (792) RTC: RTCHandlingTask[0m
[0;32mI (792) MQTT: MQTT is disabled in configuration[0m
[0;32mI (802) MQTT: MQTT disabled in configuration; waiting for update[0m
I (802) wifi:wifi firmware version: f3dbad7
I (812) wifi:wifi certification version: v7.0
I (812) wifi:config NVS flash: enabled
I (822) wifi:config nano formatting: disabled
I (822) wifi:Init data frame dynamic rx buffer num: 32
I (832) wifi:Init static rx mgmt buffer num: 5
I (832) wifi:Init management short buffer num: 32
I (832) wifi:Init dynamic tx buffer num: 32
I (842) wifi:Init static rx buffer size: 1600
I (842) wifi:Init static rx buffer num: 10
I (852) wifi:Init dynamic rx buffer num: 32
[0;32mI (852) wifi_init: rx ba win: 6[0m
[0;32mI (852) wifi_init: accept mbox: 6[0m
[0;32mI (862) wifi_init: tcpip mbox: 32[0m
[0;32mI (862) wifi_init: udp mbox: 6[0m
[0;32mI (872) wifi_init: tcp mbox: 6[0m
[0;32mI (872) wifi_init: tcp tx win: 5744[0m
[0;32mI (872) wifi_init: tcp rx win: 5744[0m
[0;32mI (882) wifi_init: tcp mss: 1440[0m
[0;32mI (882) wifi_init: WiFi IRAM OP enabled[0m
[0;32mI (892) wifi_init: WiFi RX IRAM OP enabled[0m
[0;32mI (892) phy_init: phy_version 4860,6b7a6e5,Feb  6 2025,14:47:07[0m
I BOD: Brownout detector was triggered


ets Jul 29 2019 12:21:46

rst:0x3 (SW_RESET),boot:0x13 (SPI_FAST_FLASH_BOOT)
configsip: 0, SPIWP:0xee
clk_drv:0x00,q_drv:0x00,d_drv:0x00,cs0_drv:0x00,hd_drv:0x00,wp_drv:0x00
mode:DIO, clock div:2
load:0x3fff0030,len:6380
ho 0 tail 12 room 4
load:0x40078000,len:15916
load:0x40080400,len:3860
entry 0x40080638
I (56) boot: ESP-IDF v5.5 2nd stage bootloader
I (56) boot: compile time Sep 11 2025 17:11:13
I (56) boot: Multicore bootloader
I (58) boot: chip revision: v3.1
I (61) boot.esp32: SPI Speed      : 40MHz
I (65) boot.esp32: SPI Mode       : DIO
I (68) boot.esp32: SPI Flash Size : 8MB
I (72) boot: Enabling RNG early entropy source...
I (76) boot: Partition Table:
I (79) boot: ## Label            Usage          Type ST Offset   Length
I (85) boot:  0 nvs              WiFi data        01 02 00009000 00006000
I (92) boot:  1 phy_init         RF data          01 01 0000f000 00001000
I (98) boot:  2 otadata          OTA data         01 00 00010000 00002000
I (105) boot:  3 ota_0            OTA app          00 10 00020000 001f0000
I (111) boot:  4 ota_1            OTA app          00 11 00210000 001f0000
I (118) boot:  5 www_0            Unknown data     01 82 00410000 001f8000
I (125) boot:  6 www_1            Unknown data     01 82 00608000 001f8000
I (131) boot: End of partition table
I (135) esp_image: segment 0: paddr=00020020 vaddr=3f400020 size=2ba90h (178832) map
I (203) esp_image: segment 1: paddr=0004bab8 vaddr=3ff80000 size=00020h (    32) load
I (204) esp_image: segment 2: paddr=0004bae0 vaddr=3ffb0000 size=0405ch ( 16476) load
I (213) esp_image: segment 3: paddr=0004fb44 vaddr=40080000 size=004d4h (  1236) load
I (215) esp_image: segment 4: paddr=00050020 vaddr=400d0020 size=cbd90h (834960) map
I (507) esp_image: segment 5: paddr=0011bdb8 vaddr=400804d4 size=19320h (103200) load
I (560) boot: Loaded app from partition at offset 0x20000
I (560) boot: Disabling RNG early entropy source...
[0;32mI (571) cpu_start: Multicore app[0m
[0;32mI (579) cpu_start: Pro cpu start user code[0m
[0;32mI (579) cpu_start: cpu freq: 160000000 Hz[0m
[0;32mI (579) app_init: Application information:[0m
[0;32mI (582) app_init: Project name:     main[0m
[0;32mI (587) app_init: App version:      54816be-dirty[0m
[0;32mI (592) app_init: Compile time:     Sep 11 2025 17:11:07[0m
[0;32mI (598) app_init: ELF file SHA256:  c27faa659c171619...[0m
[0;32mI (604) app_init: ESP-IDF:          v5.5[0m
[0;32mI (609) efuse_init: Min chip rev:     v0.0[0m
[0;32mI (613) efuse_init: Max chip rev:     v3.99 [0m
[0;32mI (618) efuse_init: Chip rev:         v3.1[0m
[0;32mI (623) heap_init: Initializing. RAM available for dynamic allocation:[0m
[0;32mI (631) heap_init: At 3FFAE6E0 len 00001920 (6 KiB): DRAM[0m
[0;32mI (636) heap_init: At 3FFBB5C8 len 00024A38 (146 KiB): DRAM[0m
[0;32mI (643) heap_init: At 3FFE0440 len 00003AE0 (14 KiB): D/IRAM[0m
[0;32mI (649) heap_init: At 3FFE4350 len 0001BCB0 (111 KiB): D/IRAM[0m
[0;32mI (656) heap_init: At 400997F4 len 0000680C (26 KiB): IRAM[0m
[0;32mI (663) spi_flash: detected chip: generic[0m
[0;32mI (666) spi_flash: flash io: dio[0m
[0;33mW (670) i2c: This driver is an old driver, please migrate your application code to adapt `driver/i2c_master.h`[0m
[0;32mI (682) main_task: Started on CPU0[0m
[0;32mI (692) main_task: Calling app_main()[0m
[0;32mI (692) FIRMWARE: Version: 0.1.1[0m
[0;32mI (692) CONFIG: CLOCK[0m
[0;31mE (692) i2c: i2c_master_cmd_begin(1552): i2c driver not installed[0m
[0;31mE (702) i2c: i2c_master_cmd_begin(1552): i2c driver not installed[0m
[0;31mE (702) i2c: i2c_master_cmd_begin(1552): i2c driver not installed[0m
[0;32mI (722) SERVER: Initializing the server...[0m
[0;32mI (762) INIT: web_app_version found: 0.0.0[0m
[0;32mI (762) INIT: firm_version found: 0.0.0[0m
[0;32mI (762) mdns_mem: mDNS task will be created from internal RAM[0m
[0;33mW (772) MQTT: MQTT enable flag not found in NVS, defaulting to disabled[0m
[0;33mW (772) MQTT: MQTT broker address not found, using empty string[0m
I (782) wifi:wifi driver task: 3ffc8f08, prio:23, stack:6656, core=0
[0;33mW (792) MQTT: MQTT port not found, defaulting to 1883[0m
[0;32mI (792) RTC: RTCHandlingTask[0m
[0;32mI (792) MQTT: MQTT is disabled in configuration[0m
[0;32mI (802) MQTT: MQTT disabled in configuration; waiting for update[0m
I (802) wifi:wifi firmware version: f3dbad7
I (812) wifi:wifi certification version: v7.0
I (812) wifi:config NVS flash: enabled
I (822) wifi:config nano formatting: disabled
I (822) wifi:Init data frame dynamic rx buffer num: 32
I (832) wifi:Init static rx mgmt buffer num: 5
I (832) wifi:Init management short buffer num: 32
I (832) wifi:Init dynamic tx buffer num: 32
I (842) wifi:Init static rx buffer size: 1600
I (842) wifi:Init static rx buffer num: 10
I (852) wifi:Init dynamic rx buffer num: 32
[0;32mI (852) wifi_init: rx ba win: 6[0m
[0;32mI (852) wifi_init: accept mbox: 6[0m
[0;32mI (862) wifi_init: tcpip mbox: 32[0m
[0;32mI (862) wifi_init: udp mbox: 6[0m
[0;32mI (872) wifi_init: tcp mbox: 6[0m
[0;32mI (872) wifi_init: tcp tx win: 5744[0m
[0;32mI (872) wifi_init: tcp rx win: 5744[0m
[0;32mI (882) wifi_init: tcp mss: 1440[0m
[0;32mI (882) wifi_init: WiFi IRAM OP enabled[0m
[0;32mI (892) wifi_init: WiFi RX IRAM OP enabled[0m
[0;32mI (892) phy_init: phy_version 4860,6b7a6e5,Feb  6 2025,14:47:07[0m
I BOD: Brownout detector was triggered


ets Jul 29 2019 12:21:46

rst:0x3 (SW_RESET),boot:0x13 (SPI_FAST_FLASH_BOOT)
configsip: 0, SPIWP:0xee
clk_drv:0x00,q_drv:0x00,d_drv:0x00,cs0_drv:0x00,hd_drv:0x00,wp_drv:0x00
mode:DIO, clock div:2
load:0x3fff0030,len:6380
ho 0 tail 12 room 4
load:0x40078000,len:15916
load:0x40080400,len:3860
entry 0x40080638
I (56) boot: ESP-IDF v5.5 2nd stage bootloader
I (56) boot: compile time Sep 11 2025 17:11:13
I (56) boot: Multicore bootloader
I (58) boot: chip revision: v3.1
I (61) boot.esp32: SPI Speed      : 40MHz
I (65) boot.esp32: SPI Mode       : DIO
I (68) boot.esp32: SPI Flash Size : 8MB
I (72) boot: Enabling RNG early entropy source...
I (76) boot: Partition Table:
I (79) boot: ## Label            Usage          Type ST Offset   Length
I (85) boot:  0 nvs              WiFi data        01 02 00009000 00006000
I (92) boot:  1 phy_init         RF data          01 01 0000f000 00001000
I (98) boot:  2 otadata          OTA data         01 00 00010000 00002000
I (105) boot:  3 ota_0            OTA app          00 10 00020000 001f0000
I (111) boot:  4 ota_1            OTA app          00 11 00210000 001f0000
I (118) boot:  5 www_0            Unknown data     01 82 00410000 001f8000
I (125) boot:  6 www_1            Unknown data     01 82 00608000 001f8000
I (131) boot: End of partition table
I (135) esp_image: segment 0: paddr=00020020 vaddr=3f400020 size=2ba90h (178832) map
I (203) esp_image: segment 1: paddr=0004bab8 vaddr=3ff80000 size=00020h (    32) load
I (204) esp_image: segment 2: paddr=0004bae0 vaddr=3ffb0000 size=0405ch ( 16476) load
I (213) esp_image: segment 3: paddr=0004fb44 vaddr=40080000 size=004d4h (  1236) load
I (215) esp_image: segment 4: paddr=00050020 vaddr=400d0020 size=cbd90h (834960) map
I (508) esp_image: segment 5: paddr=0011bdb8 vaddr=400804d4 size=19320h (103200) load
I (560) boot: Loaded app from partition at offset 0x20000
I (560) boot: Disabling RNG early entropy source...
[0;32mI (571) cpu_start: Multicore app[0m
[0;32mI (579) cpu_start: Pro cpu start user code[0m
[0;32mI (579) cpu_start: cpu freq: 160000000 Hz[0m
[0;32mI (579) app_init: Application information:[0m
[0;32mI (582) app_init: Project name:     main[0m
[0;32mI (587) app_init: App version:      54816be-dirty[0m
[0;32mI (592) app_init: Compile time:     Sep 11 2025 17:11:07[0m
[0;32mI (598) app_init: ELF file SHA256:  c27faa659c171619...[0m
[0;32mI (604) app_init: ESP-IDF:          v5.5[0m
[0;32mI (609) efuse_init: Min chip rev:     v0.0[0m
[0;32mI (613) efuse_init: Max chip rev:     v3.99 [0m
[0;32mI (618) efuse_init: Chip rev:         v3.1[0m
[0;32mI (624) heap_init: Initializing. RAM available for dynamic allocation:[0m
[0;32mI (631) heap_init: At 3FFAE6E0 len 00001920 (6 KiB): DRAM[0m
[0;32mI (636) heap_init: At 3FFBB5C8 len 00024A38 (146 KiB): DRAM[0m
[0;32mI (643) heap_init: At 3FFE0440 len 00003AE0 (14 KiB): D/IRAM[0m
[0;32mI (649) heap_init: At 3FFE4350 len 0001BCB0 (111 KiB): D/IRAM[0m
[0;32mI (656) heap_init: At 400997F4 len 0000680C (26 KiB): IRAM[0m
[0;32mI (663) spi_flash: detected chip: generic[0m
[0;32mI (666) spi_flash: flash io: dio[0m
[0;33mW (670) i2c: This driver is an old driver, please migrate your application code to adapt `driver/i2c_master.h`[0m
[0;32mI (682) main_task: Started on CPU0[0m
[0;32mI (692) main_task: Calling app_main()[0m
[0;32mI (692) FIRMWARE: Version: 0.1.1[0m
[0;32mI (692) CONFIG: CLOCK[0m
[0;31mE (692) i2c: i2c_master_cmd_begin(1552): i2c driver not installed[0m
[0;31mE (702) i2c: i2c_master_cmd_begin(1552): i2c driver not installed[0m
[0;31mE (702) i2c: i2c_master_cmd_begin(1552): i2c driver not installed[0m
[0;32mI (722) SERVER: Initializing the server...[0m
[0;32mI (762) INIT: web_app_version found: 0.0.0[0m
[0;32mI (762) INIT: firm_version found: 0.0.0[0m
[0;32mI (762) mdns_mem: mDNS task will be created from internal RAM[0m
[0;33mW (772) MQTT: MQTT enable flag not found in NVS, defaulting to disabled[0m
[0;33mW (772) MQTT: MQTT broker address not found, using empty string[0m
I (782) wifi:wifi driver task: 3ffc8f08, prio:23, stack:6656, core=0
[0;33mW (792) MQTT: MQTT port not found, defaulting to 1883[0m
[0;32mI (792) RTC: RTCHandlingTask[0m
[0;32mI (792) MQTT: MQTT is disabled in configuration[0m
[0;32mI (802) MQTT: MQTT disabled in configuration; waiting for update[0m
I (802) wifi:wifi firmware version: f3dbad7
I (812) wifi:wifi certification version: v7.0
I (812) wifi:config NVS flash: enabled
I (822) wifi:config nano formatting: disabled
I (822) wifi:Init data frame dynamic rx buffer num: 32
I (832) wifi:Init static rx mgmt buffer num: 5
I (832) wifi:Init management short buffer num: 32
I (832) wifi:Init dynamic tx buffer num: 32
I (842) wifi:Init static rx buffer size: 1600
I (842) wifi:Init static rx buffer num: 10
I (852) wifi:Init dynamic rx buffer num: 32
[0;32mI (852) wifi_init: rx ba win: 6[0m
[0;32mI (852) wifi_init: accept mbox: 6[0m
[0;32mI (862) wifi_init: tcpip mbox: 32[0m
[0;32mI (862) wifi_init: udp mbox: 6[0m
[0;32mI (872) wifi_init: tcp mbox: 6[0m
[0;32mI (872) wifi_init: tcp tx win: 5744[0m
[0;32mI (872) wifi_init: tcp rx win: 5744[0m
[0;32mI (882) wifi_init: tcp mss: 1440[0m
[0;32mI (882) wifi_init: WiFi IRAM OP enabled[0m
[0;32mI (892) wifi_init: WiFi RX IRAM OP enabled[0m
[0;32mI (892) phy_init: phy_version 4860,6b7a6e5,Feb  6 2025,14:47:07[0m
I BOD: Brownout detector was triggered


ets Jul 29 2019 12:21:46

rst:0x3 (SW_RESET),boot:0x13 (SPI_FAST_FLASH_BOOT)
configsip: 0, SPIWP:0xee
clk_drv:0x00,q_drv:0x00,d_drv:0x00,cs0_drv:0x00,hd_drv:0x00,wp_drv:0x00
mode:DIO, clock div:2
load:0x3fff0030,len:6380
ho 0 tail 12 room 4
load:0x40078000,len:15916
load:0x40080400,len:3860
entry 0x40080638
I (56) boot: ESP-IDF v5.5 2nd stage bootloader
I (56) boot: compile time Sep 11 2025 17:11:13
I (56) boot: Multicore bootloader
I (58) boot: chip revision: v3.1
I (61) boot.esp32: SPI Speed      : 40MHz
I (65) boot.esp32: SPI Mode       : DIO
I (68) boot.esp32: SPI Flash Size : 8MB
I (72) boot: Enabling RNG early entropy source...
I (76) boot: Partition Table:
I (79) boot: ## Label            Usage          Type ST Offset   Length
I (85) boot:  0 nvs              WiFi data        01 02 00009000 00006000
I (92) boot:  1 phy_init         RF data          01 01 0000f000 00001000
I (98) boot:  2 otadata          OTA data         01 00 00010000 00002000
I (105) boot:  3 ota_0            OTA app          00 10 00020000 001f0000
I (111) boot:  4 ota_1            OTA app          00 11 00210000 001f0000
I (118) boot:  5 www_0            Unknown data     01 82 00410000 001f8000
I (125) boot:  6 www_1            Unknown data     01 82 00608000 001f8000
I (131) boot: End of partition table
I (135) esp_image: segment 0: paddr=00020020 vaddr=3f400020 size=2ba90h (178832) map
I (203) esp_image: segment 1: paddr=0004bab8 vaddr=3ff80000 size=00020h (    32) load
I (204) esp_image: segment 2: paddr=0004bae0 vaddr=3ffb0000 size=0405ch ( 16476) load
I (213) esp_image: segment 3: paddr=0004fb44 vaddr=40080000 size=004d4h (  1236) load
I (215) esp_image: segment 4: paddr=00050020 vaddr=400d0020 size=cbd90h (834960) map
I (507) esp_image: segment 5: paddr=0011bdb8 vaddr=400804d4 size=19320h (103200) load
I (560) boot: Loaded app from partition at offset 0x20000
I (560) boot: Disabling RNG early entropy source...
[0;32mI (571) cpu_start: Multicore app[0m
[0;32mI (579) cpu_start: Pro cpu start user code[0m
[0;32mI (579) cpu_start: cpu freq: 160000000 Hz[0m
[0;32mI (579) app_init: Application information:[0m
[0;32mI (582) app_init: Project name:     main[0m
[0;32mI (587) app_init: App version:      54816be-dirty[0m
[0;32mI (592) app_init: Compile time:     Sep 11 2025 17:11:07[0m
[0;32mI (598) app_init: ELF file SHA256:  c27faa659c171619...[0m
[0;32mI (604) app_init: ESP-IDF:          v5.5[0m
[0;32mI (609) efuse_init: Min chip rev:     v0.0[0m
[0;32mI (613) efuse_init: Max chip rev:     v3.99 [0m
[0;32mI (618) efuse_init: Chip rev:         v3.1[0m
[0;32mI (623) heap_init: Initializing. RAM available for dynamic allocation:[0m
[0;32mI (631) heap_init: At 3FFAE6E0 len 00001920 (6 KiB): DRAM[0m
[0;32mI (636) heap_init: At 3FFBB5C8 len 00024A38 (146 KiB): DRAM[0m
[0;32mI (643) heap_init: At 3FFE0440 len 00003AE0 (14 KiB): D/IRAM[0m
[0;32mI (649) heap_init: At 3FFE4350 len 0001BCB0 (111 KiB): D/IRAM[0m
[0;32mI (656) heap_init: At 400997F4 len 0000680C (26 KiB): IRAM[0m
[0;32mI (663) spi_flash: detected chip: generic[0m
[0;32mI (666) spi_flash: flash io: dio[0m
[0;33mW (670) i2c: This driver is an old driver, please migrate your application code to adapt `driver/i2c_master.h`[0m
[0;32mI (682) main_task: Started on CPU0[0m
[0;32mI (692) main_task: Calling app_main()[0m
[0;32mI (692) FIRMWARE: Version: 0.1.1[0m
[0;32mI (692) CONFIG: CLOCK[0m
[0;31mE (692) i2c: i2c_master_cmd_begin(1552): i2c driver not installed[0m
[0;31mE (702) i2c: i2c_master_cmd_begin(1552): i2c driver not installed[0m
[0;31mE (702) i2c: i2c_master_cmd_begin(1552): i2c driver not installed[0m
[0;32mI (722) SERVER: Initializing the server...[0m
[0;32mI (762) INIT: web_app_version found: 0.0.0[0m
[0;32mI (762) INIT: firm_version found: 0.0.0[0m
[0;32mI (762) mdns_mem: mDNS task will be created from internal RAM[0m
[0;33mW (772) MQTT: MQTT enable flag not found in NVS, defaulting to disabled[0m
[0;33mW (772) MQTT: MQTT broker address not found, using empty string[0m
I (782) wifi:wifi driver task: 3ffc8f08, prio:23, stack:6656, core=0
[0;33mW (792) MQTT: MQTT port not found, defaulting to 1883[0m
[0;32mI (792) RTC: RTCHandlingTask[0m
[0;32mI (792) MQTT: MQTT is disabled in configuration[0m
[0;32mI (802) MQTT: MQTT disabled in configuration; waiting for update[0m
I (802) wifi:wifi firmware version: f3dbad7
I (812) wifi:wifi certification version: v7.0
I (812) wifi:config NVS flash: enabled
I (822) wifi:config nano formatting: disabled
I (822) wifi:Init data frame dynamic rx buffer num: 32
I (832) wifi:Init static rx mgmt buffer num: 5
I (832) wifi:Init management short buffer num: 32
I (832) wifi:Init dynamic tx buffer num: 32
I (842) wifi:Init static rx buffer size: 1600
I (842) wifi:Init static rx buffer num: 10
I (852) wifi:Init dynamic rx buffer num: 32
[0;32mI (852) wifi_init: rx ba win: 6[0m
[0;32mI (852) wifi_init: accept mbox: 6[0m
[0;32mI (862) wifi_init: tcpip mbox: 32[0m
[0;32mI (862) wifi_init: udp mbox: 6[0m
[0;32mI (872) wifi_init: tcp mbox: 6[0m
[0;32mI (872) wifi_init: tcp tx win: 5744[0m
[0;32mI (872) wifi_init: tcp rx win: 5744[0m
[0;32mI (882) wifi_init: tcp mss: 1440[0m
[0;32mI (882) wifi_init: WiFi IRAM OP enabled[0m
[0;32mI (892) wifi_init: WiFi RX IRAM OP enabled[0m
[0;32mI (892) phy_init: phy_version 4860,6b7a6e5,Feb  6 2025,14:47:07[0m
I BOD: Brownout detector was triggered


ets Jul 29 2019 12:21:46

rst:0x3 (SW_RESET),boot:0x13 (SPI_FAST_FLASH_BOOT)
configsip: 0, SPIWP:0xee
clk_drv:0x00,q_drv:0x00,d_drv:0x00,cs0_drv:0x00,hd_drv:0x00,wp_drv:0x00
mode:DIO, clock div:2
load:0x3fff0030,len:6380
ho 0 tail 12 room 4
load:0x40078000,len:15916
load:0x40080400,len:3860
entry 0x40080638
I (56) boot: ESP-IDF v5.5 2nd stage bootloader
I (56) boot: compile time Sep 11 2025 17:11:13
I (56) boot: Multicore bootloader
I (58) boot: chip revision: v3.1
I (61) boot.esp32: SPI Speed      : 40MHz
I (65) boot.esp32: SPI Mode       : DIO
I (68) boot.esp32: SPI Flash Size : 8MB
I (72) boot: Enabling RNG early entropy source...
I (76) boot: Partition Table:
I (79) boot: ## Label            Usage          Type ST Offset   Length
I (85) boot:  0 nvs              WiFi data        01 02 00009000 00006000
I (92) boot:  1 phy_init         RF data          01 01 0000f000 00001000
I (98) boot:  2 otadata          OTA data         01 00 00010000 00002000
I (105) boot:  3 ota_0            OTA app          00 10 00020000 001f0000
I (111) boot:  4 ota_1            OTA app          00 11 00210000 001f0000
I (118) boot:  5 www_0            Unknown data     01 82 00410000 001f8000
I (125) boot:  6 www_1            Unknown data     01 82 00608000 001f8000
I (131) boot: End of partition table
I (135) esp_image: segment 0: paddr=00020020 vaddr=3f400020 size=2ba90h (178832) map
I (203) esp_image: segment 1: paddr=0004bab8 vaddr=3ff80000 size=00020h (    32) load
I (204) esp_image: segment 2: paddr=0004bae0 vaddr=3ffb0000 size=0405ch ( 16476) load
I (213) esp_image: segment 3: paddr=0004fb44 vaddr=40080000 size=004d4h (  1236) load
I (215) esp_image: segment 4: paddr=00050020 vaddr=400d0020 size=cbd90h (834960) map
I (507) esp_image: segment 5: paddr=0011bdb8 vaddr=400804d4 size=19320h (103200) load
I (560) boot: Loaded app from partition at offset 0x20000
I (560) boot: Disabling RNG early entropy source...
[0;32mI (571) cpu_start: Multicore app[0m
[0;32mI (579) cpu_start: Pro cpu start user code[0m
[0;32mI (579) cpu_start: cpu freq: 160000000 Hz[0m
[0;32mI (579) app_init: Application information:[0m
[0;32mI (582) app_init: Project name:     main[0m
[0;32mI (587) app_init: App version:      54816be-dirty[0m
[0;32mI (592) app_init: Compile time:     Sep 11 2025 17:11:07[0m
[0;32mI (598) app_init: ELF file SHA256:  c27faa659c171619...[0m
[0;32mI (604) app_init: ESP-IDF:          v5.5[0m
[0;32mI (609) efuse_init: Min chip rev:     v0.0[0m
[0;32mI (613) efuse_init: Max chip rev:     v3.99 [0m
[0;32mI (618) efuse_init: Chip rev:         v3.1[0m
[0;32mI (623) heap_init: Initializing. RAM available for dynamic allocation:[0m
[0;32mI (631) heap_init: At 3FFAE6E0 len 00001920 (6 KiB): DRAM[0m
[0;32mI (636) heap_init: At 3FFBB5C8 len 00024A38 (146 KiB): DRAM[0m
[0;32mI (643) heap_init: At 3FFE0440 len 00003AE0 (14 KiB): D/IRAM[0m
[0;32mI (649) heap_init: At 3FFE4350 len 0001BCB0 (111 KiB): D/IRAM[0m
[0;32mI (656) heap_init: At 400997F4 len 0000680C (26 KiB): IRAM[0m
[0;32mI (663) spi_flash: detected chip: generic[0m
[0;32mI (666) spi_flash: flash io: dio[0m
[0;33mW (670) i2c: This driver is an old driver, please migrate your application code to adapt `driver/i2c_master.h`[0m
[0;32mI (682) main_task: Started on CPU0[0m
[0;32mI (692) main_task: Calling app_main()[0m
[0;32mI (692) FIRMWARE: Version: 0.1.1[0m
[0;32mI (692) CONFIG: CLOCK[0m
[0;31mE (692) i2c: i2c_master_cmd_begin(1552): i2c driver not installed[0m
[0;31mE (702) i2c: i2c_master_cmd_begin(1552): i2c driver not installed[0m
[0;31mE (702) i2c: i2c_master_cmd_begin(1552): i2c driver not installed[0m
[0;32mI (722) SERVER: Initializing the server...[0m
[0;32mI (762) INIT: web_app_version found: 0.0.0[0m
[0;32mI (762) INIT: firm_version found: 0.0.0[0m
[0;32mI (762) mdns_mem: mDNS task will be created from internal RAM[0m
[0;33mW (772) MQTT: MQTT enable flag not found in NVS, defaulting to disabled[0m
[0;33mW (772) MQTT: MQTT broker address not found, using empty string[0m
I (782) wifi:wifi driver task: 3ffc8f08, prio:23, stack:6656, core=0
[0;33mW (792) MQTT: MQTT port not found, defaulting to 1883[0m
[0;32mI (792) RTC: RTCHandlingTask[0m
[0;32mI (792) MQTT: MQTT is disabled in configuration[0m
[0;32mI (802) MQTT: MQTT disabled in configuration; waiting for update[0m
I (802) wifi:wifi firmware version: f3dbad7
I (812) wifi:wifi certification version: v7.0
I (812) wifi:config NVS flash: enabled
I (822) wifi:config nano formatting: disabled
I (822) wifi:Init data frame dynamic rx buffer num: 32
I (832) wifi:Init static rx mgmt buffer num: 5
I (832) wifi:Init management short buffer num: 32
I (832) wifi:Init dynamic tx buffer num: 32
I (842) wifi:Init static rx buffer size: 1600
I (842) wifi:Init static rx buffer num: 10
I (852) wifi:Init dynamic rx buffer num: 32
[0;32mI (852) wifi_init: rx ba win: 6[0m
[0;32mI (852) wifi_init: accept mbox: 6[0m
[0;32mI (862) wifi_init: tcpip mbox: 32[0m
[0;32mI (862) wifi_init: udp mbox: 6[0m
[0;32mI (872) wifi_init: tcp mbox: 6[0m
[0;32mI (872) wifi_init: tcp tx win: 5744[0m
[0;32mI (872) wifi_init: tcp rx win: 5744[0m
[0;32mI (882) wifi_init: tcp mss: 1440[0m
[0;32mI (882) wifi_init: WiFi IRAM OP enabled[0m
[0;32mI (892) wifi_init: WiFi RX IRAM OP enabled[0m
[0;32mI (892) phy_init: phy_version 4860,6b7a6e5,Feb  6 2025,14:47:07[0m
I BOD: Brownout detector was triggered


ets Jul 29 2019 12:21:46

rst:0x3 (SW_RESET),boot:0x13 (SPI_FAST_FLASH_BOOT)
configsip: 0, SPIWP:0xee
clk_drv:0x00,q_drv:0x00,d_drv:0x00,cs0_drv:0x00,hd_drv:0x00,wp_drv:0x00
mode:DIO, clock div:2
load:0x3fff0030,len:6380
ho 0 tail 12 room 4
load:0x40078000,len:15916
load:0x40080400,len:3860
entry 0x40080638
I (56) boot: ESP-IDF v5.5 2nd stage bootloader
I (56) boot: compile time Sep 11 2025 17:11:13
I (56) boot: Multicore bootloader
I (58) boot: chip revision: v3.1
I (61) boot.esp32: SPI Speed      : 40MHz
I (65) boot.esp32: SPI Mode       : DIO
I (68) boot.esp32: SPI Flash Size : 8MB
I (72) boot: Enabling RNG early entropy source...
I (76) boot: Partition Table:
I (79) boot: ## Label            Usage          Type ST Offset   Length
I (85) boot:  0 nvs              WiFi data        01 02 00009000 00006000
I (92) boot:  1 phy_init         RF data          01 01 0000f000 00001000
I (98) boot:  2 otadata          OTA data         01 00 00010000 00002000
I (105) boot:  3 ota_0            OTA app          00 10 00020000 001f0000
I (111) boot:  4 ota_1            OTA app          00 11 00210000 001f0000
I (118) boot:  5 www_0            Unknown data     01 82 00410000 001f8000
I (125) boot:  6 www_1            Unknown data     01 82 00608000 001f8000
I (131) boot: End of partition table
I (135) esp_image: segment 0: paddr=00020020 vaddr=3f400020 size=2ba90h (178832) map
I (203) esp_image: segment 1: paddr=0004bab8 vaddr=3ff80000 size=00020h (    32) load
I (204) esp_image: segment 2: paddr=0004bae0 vaddr=3ffb0000 size=0405ch ( 16476) load
I (213) esp_image: segment 3: paddr=0004fb44 vaddr=40080000 size=004d4h (  1236) load
I (215) esp_image: segment 4: paddr=00050020 vaddr=400d0020 size=cbd90h (834960) map
I (507) esp_image: segment 5: paddr=0011bdb8 vaddr=400804d4 size=19320h (103200) load
I (560) boot: Loaded app from partition at offset 0x20000
I (560) boot: Disabling RNG early entropy source...
[0;32mI (571) cpu_start: Multicore app[0m
[0;32mI (579) cpu_start: Pro cpu start user code[0m
[0;32mI (579) cpu_start: cpu freq: 160000000 Hz[0m
[0;32mI (579) app_init: Application information:[0m
[0;32mI (582) app_init: Project name:     main[0m
[0;32mI (587) app_init: App version:      54816be-dirty[0m
[0;32mI (592) app_init: Compile time:     Sep 11 2025 17:11:07[0m
[0;32mI (598) app_init: ELF file SHA256:  c27faa659c171619...[0m
[0;32mI (604) app_init: ESP-IDF:          v5.5[0m
[0;32mI (609) efuse_init: Min chip rev:     v0.0[0m
[0;32mI (613) efuse_init: Max chip rev:     v3.99 [0m
[0;32mI (618) efuse_init: Chip rev:         v3.1[0m
[0;32mI (623) heap_init: Initializing. RAM available for dynamic allocation:[0m
[0;32mI (631) heap_init: At 3FFAE6E0 len 00001920 (6 KiB): DRAM[0m
[0;32mI (636) heap_init: At 3FFBB5C8 len 00024A38 (146 KiB): DRAM[0m
[0;32mI (643) heap_init: At 3FFE0440 len 00003AE0 (14 KiB): D/IRAM[0m
[0;32mI (649) heap_init: At 3FFE4350 len 0001BCB0 (111 KiB): D/IRAM[0m
[0;32mI (656) heap_init: At 400997F4 len 0000680C (26 KiB): IRAM[0m
[0;32mI (663) spi_flash: detected chip: generic[0m
[0;32mI (666) spi_flash: flash io: dio[0m
[0;33mW (670) i2c: This driver is an old driver, please migrate your application code to adapt `driver/i2c_master.h`[0m
[0;32mI (682) main_task: Started on CPU0[0m
[0;32mI (692) main_task: Calling app_main()[0m
[0;32mI (692) FIRMWARE: Version: 0.1.1[0m
[0;32mI (692) CONFIG: CLOCK[0m
[0;31mE (692) i2c: i2c_master_cmd_begin(1552): i2c driver not installed[0m
[0;31mE (702) i2c: i2c_master_cmd_begin(1552): i2c driver not installed[0m
[0;31mE (702) i2c: i2c_master_cmd_begin(1552): i2c driver not installed[0m
[0;32mI (722) SERVER: Initializing the server...[0m
[0;32mI (762) INIT: web_app_version found: 0.0.0[0m
[0;32mI (762) INIT: firm_version found: 0.0.0[0m
[0;32mI (762) mdns_mem: mDNS task will be created from internal RAM[0m
[0;33mW (772) MQTT: MQTT enable flag not found in NVS, defaulting to disabled[0m
[0;33mW (772) MQTT: MQTT broker address not found, using empty string[0m
I (782) wifi:wifi driver task: 3ffc8f08, prio:23, stack:6656, core=0
[0;33mW (792) MQTT: MQTT port not found, defaulting to 1883[0m
[0;32mI (792) RTC: RTCHandlingTask[0m
[0;32mI (792) MQTT: MQTT is disabled in configuration[0m
[0;32mI (802) MQTT: MQTT disabled in configuration; waiting for update[0m
I (802) wifi:wifi firmware version: f3dbad7
I (812) wifi:wifi certification version: v7.0
I (812) wifi:config NVS flash: enabled
I (822) wifi:config nano formatting: disabled
I (822) wifi:Init data frame dynamic rx buffer num: 32
I (832) wifi:Init static rx mgmt buffer num: 5
I (832) wifi:Init management short buffer num: 32
I (832) wifi:Init dynamic tx buffer num: 32
I (842) wifi:Init static rx buffer size: 1600
I (842) wifi:Init static rx buffer num: 10
I (852) wifi:Init dynamic rx buffer num: 32
[0;32mI (852) wifi_init: rx ba win: 6[0m
[0;32mI (852) wifi_init: accept mbox: 6[0m
[0;32mI (862) wifi_init: tcpip mbox: 32[0m
[0;32mI (862) wifi_init: udp mbox: 6[0m
[0;32mI (872) wifi_init: tcp mbox: 6[0m
[0;32mI (872) wifi_init: tcp tx win: 5744[0m
[0;32mI (872) wifi_init: tcp rx win: 5744[0m
[0;32mI (882) wifi_init: tcp mss: 1440[0m
[0;32mI (882) wifi_init: WiFi IRAM OP enabled[0m
[0;32mI (892) wifi_init: WiFi RX IRAM OP enabled[0m
[0;32mI (892) phy_init: phy_version 4860,6b7a6e5,Feb  6 2025,14:47:07[0m
I BOD: Brownout detector was triggered


ets Jul 29 2019 12:21:46

rst:0x3 (SW_RESET),boot:0x13 (SPI_FAST_FLASH_BOOT)
configsip: 0, SPIWP:0xee
clk_drv:0x00,q_drv:0x00,d_drv:0x00,cs0_drv:0x00,hd_drv:0x00,wp_drv:0x00
mode:DIO, clock div:2
load:0x3fff0030,len:6380
ho 0 tail 12 room 4
load:0x40078000,len:15916
load:0x40080400,len:3860
entry 0x40080638
I (56) boot: ESP-IDF v5.5 2nd stage bootloader
I (56) boot: compile time Sep 11 2025 17:11:13
I (56) boot: Multicore bootloader
I (58) boot: chip revision: v3.1
I (61) boot.esp32: SPI Speed      : 40MHz
I (65) boot.esp32: SPI Mode       : DIO
I (68) boot.esp32: SPI Flash Size : 8MB
I (72) boot: Enabling RNG early entropy source...
I (76) boot: Partition Table:
I (79) boot: ## Label            Usage          Type ST Offset   Length
I (85) boot:  0 nvs              WiFi data        01 02 00009000 00006000
I (92) boot:  1 phy_init         RF data          01 01 0000f000 00001000
I (98) boot:  2 otadata          OTA data         01 00 00010000 00002000
I (105) boot:  3 ota_0            OTA app          00 10 00020000 001f0000
I (111) boot:  4 ota_1            OTA app          00 11 00210000 001f0000
I (118) boot:  5 www_0            Unknown data     01 82 00410000 001f8000
I (125) boot:  6 www_1            Unknown data     01 82 00608000 001f8000
I (131) boot: End of partition table
I (135) esp_image: segment 0: paddr=00020020 vaddr=3f400020 size=2ba90h (178832) map
I (203) esp_image: segment 1: paddr=0004bab8 vaddr=3ff80000 size=00020h (    32) load
I (204) esp_image: segment 2: paddr=0004bae0 vaddr=3ffb0000 size=0405ch ( 16476) load
I (213) esp_image: segment 3: paddr=0004fb44 vaddr=40080000 size=004d4h (  1236) load
I (215) esp_image: segment 4: paddr=00050020 vaddr=400d0020 size=cbd90h (834960) map
I (507) esp_image: segment 5: paddr=0011bdb8 vaddr=400804d4 size=19320h (103200) load
I (560) boot: Loaded app from partition at offset 0x20000
I (560) boot: Disabling RNG early entropy source...
[0;32mI (571) cpu_start: Multicore app[0m
[0;32mI (579) cpu_start: Pro cpu start user code[0m
[0;32mI (579) cpu_start: cpu freq: 160000000 Hz[0m
[0;32mI (579) app_init: Application information:[0m
[0;32mI (582) app_init: Project name:     main[0m
[0;32mI (587) app_init: App version:      54816be-dirty[0m
[0;32mI (592) app_init: Compile time:     Sep 11 2025 17:11:07[0m
[0;32mI (598) app_init: ELF file SHA256:  c27faa659c171619...[0m
[0;32mI (604) app_init: ESP-IDF:          v5.5[0m
[0;32mI (609) efuse_init: Min chip rev:     v0.0[0m
[0;32mI (613) efuse_init: Max chip rev:     v3.99 [0m
[0;32mI (618) efuse_init: Chip rev:         v3.1[0m
[0;32mI (623) heap_init: Initializing. RAM available for dynamic allocation:[0m
[0;32mI (631) heap_init: At 3FFAE6E0 len 00001920 (6 KiB): DRAM[0m
[0;32mI (636) heap_init: At 3FFBB5C8 len 00024A38 (146 KiB): DRAM[0m
[0;32mI (643) heap_init: At 3FFE0440 len 00003AE0 (14 KiB): D/IRAM[0m
[0;32mI (649) heap_init: At 3FFE4350 len 0001BCB0 (111 KiB): D/IRAM[0m
[0;32mI (656) heap_init: At 400997F4 len 0000680C (26 KiB): IRAM[0m
[0;32mI (663) spi_flash: detected chip: generic[0m
[0;32mI (666) spi_flash: flash io: dio[0m
[0;33mW (670) i2c: This driver is an old driver, please migrate your application code to adapt `driver/i2c_master.h`[0m
[0;32mI (682) main_task: Started on CPU0[0m
[0;32mI (692) main_task: Calling app_main()[0m
[0;32mI (692) FIRMWARE: Version: 0.1.1[0m
[0;32mI (692) CONFIG: CLOCK[0m
[0;31mE (692) i2c: i2c_master_cmd_begin(1552): i2c driver not installed[0m
[0;31mE (702) i2c: i2c_master_cmd_begin(1552): i2c driver not installed[0m
[0;31mE (702) i2c: i2c_master_cmd_begin(1552): i2c driver not installed[0m
[0;32mI (722) SERVER: Initializing the server...[0m
[0;32mI (762) INIT: web_app_version found: 0.0.0[0m
[0;32mI (762) INIT: firm_version found: 0.0.0[0m
[0;32mI (762) mdns_mem: mDNS task will be created from internal RAM[0m
[0;33mW (772) MQTT: MQTT enable flag not found in NVS, defaulting to disabled[0m
[0;33mW (772) MQTT: MQTT broker address not found, using empty string[0m
I (782) wifi:wifi driver task: 3ffc8f08, prio:23, stack:6656, core=0
[0;33mW (792) MQTT: MQTT port not found, defaulting to 1883[0m
[0;32mI (792) RTC: RTCHandlingTask[0m
[0;32mI (792) MQTT: MQTT is disabled in configuration[0m
[0;32mI (802) MQTT: MQTT disabled in configuration; waiting for update[0m
I (802) wifi:wifi firmware version: f3dbad7
I (812) wifi:wifi certification version: v7.0
I (812) wifi:config NVS flash: enabled
I (822) wifi:config nano formatting: disabled
I (822) wifi:Init data frame dynamic rx buffer num: 32
I (832) wifi:Init static rx mgmt buffer num: 5
I (832) wifi:Init management short buffer num: 32
I (832) wifi:Init dynamic tx buffer num: 32
I (842) wifi:Init static rx buffer size: 1600
I (842) wifi:Init static rx buffer num: 10
I (852) wifi:Init dynamic rx buffer num: 32
[0;32mI (852) wifi_init: rx ba win: 6[0m
[0;32mI (852) wifi_init: accept mbox: 6[0m
[0;32mI (862) wifi_init: tcpip mbox: 32[0m
[0;32mI (862) wifi_init: udp mbox: 6[0m
[0;32mI (872) wifi_init: tcp mbox: 6[0m
[0;32mI (872) wifi_init: tcp tx win: 5744[0m
[0;32mI (872) wifi_init: tcp rx win: 5744[0m
[0;32mI (882) wifi_init: tcp mss: 1440[0m
[0;32mI (882) wifi_init: WiFi IRAM OP enabled[0m
[0;32mI (892) wifi_init: WiFi RX IRAM OP enabled[0m
[0;32mI (892) phy_init: phy_version 4860,6b7a6e5,Feb  6 2025,14:47:07[0m
I BOD: Brownout detector was triggered


ets Jul 29 2019 12:21:46

rst:0x3 (SW_RESET),boot:0x13 (SPI_FAST_FLASH_BOOT)
configsip: 0, SPIWP:0xee
clk_drv:0x00,q_drv:0x00,d_drv:0x00,cs0_drv:0x00,hd_drv:0x00,wp_drv:0x00
mode:DIO, clock div:2
load:0x3fff0030,len:6380
ho 0 tail 12 room 4
load:0x40078000,len:15916
load:0x40080400,len:3860
entry 0x40080638
I (56) boot: ESP-IDF v5.5 2nd stage bootloader
I (56) boot: compile time Sep 11 2025 17:11:13
I (56) boot: Multicore bootloader
I (58) boot: chip revision: v3.1
I (61) boot.esp32: SPI Speed      : 40MHz
I (65) boot.esp32: SPI Mode       : DIO
I (68) boot.esp32: SPI Flash Size : 8MB
I (72) boot: Enabling RNG early entropy source...
I (76) boot: Partition Table:
I (79) boot: ## Label            Usage          Type ST Offset   Length
I (85) boot:  0 nvs              WiFi data        01 02 00009000 00006000
I (92) boot:  1 phy_init         RF data          01 01 0000f000 00001000
I (98) boot:  2 otadata          OTA data         01 00 00010000 00002000
I (105) boot:  3 ota_0            OTA app          00 10 00020000 001f0000
I (111) boot:  4 ota_1            OTA app          00 11 00210000 001f0000
I (118) boot:  5 www_0            Unknown data     01 82 00410000 001f8000
I (125) boot:  6 www_1            Unknown data     01 82 00608000 001f8000
I (131) boot: End of partition table
I (135) esp_image: segment 0: paddr=00020020 vaddr=3f400020 size=2ba90h (178832) map
I (203) esp_image: segment 1: paddr=0004bab8 vaddr=3ff80000 size=00020h (    32) load
I (204) esp_image: segment 2: paddr=0004bae0 vaddr=3ffb0000 size=0405ch ( 16476) load
I (213) esp_image: segment 3: paddr=0004fb44 vaddr=40080000 size=004d4h (  1236) load
I (215) esp_image: segment 4: paddr=00050020 vaddr=400d0020 size=cbd90h (834960) map
I (508) esp_image: segment 5: paddr=0011bdb8 vaddr=400804d4 size=19320h (103200) load
I (560) boot: Loaded app from partition at offset 0x20000
I (560) boot: Disabling RNG early entropy source...
[0;32mI (571) cpu_start: Multicore app[0m
[0;32mI (579) cpu_start: Pro cpu start user code[0m
[0;32mI (579) cpu_start: cpu freq: 160000000 Hz[0m
[0;32mI (579) app_init: Application information:[0m
[0;32mI (582) app_init: Project name:     main[0m
[0;32mI (587) app_init: App version:      54816be-dirty[0m
[0;32mI (592) app_init: Compile time:     Sep 11 2025 17:11:07[0m
[0;32mI (598) app_init: ELF file SHA256:  c27faa659c171619...[0m
[0;32mI (604) app_init: ESP-IDF:          v5.5[0m
[0;32mI (609) efuse_init: Min chip rev:     v0.0[0m
[0;32mI (613) efuse_init: Max chip rev:     v3.99 [0m
[0;32mI (618) efuse_init: Chip rev:         v3.1[0m
[0;32mI (623) heap_init: Initializing. RAM available for dynamic allocation:[0m
[0;32mI (631) heap_init: At 3FFAE6E0 len 00001920 (6 KiB): DRAM[0m
[0;32mI (636) heap_init: At 3FFBB5C8 len 00024A38 (146 KiB): DRAM[0m
[0;32mI (643) heap_init: At 3FFE0440 len 00003AE0 (14 KiB): D/IRAM[0m
[0;32mI (649) heap_init: At 3FFE4350 len 0001BCB0 (111 KiB): D/IRAM[0m
[0;32mI (656) heap_init: At 400997F4 len 0000680C (26 KiB): IRAM[0m
[0;32mI (663) spi_flash: detected chip: generic[0m
[0;32mI (666) spi_flash: flash io: dio[0m
[0;33mW (670) i2c: This driver is an old driver, please migrate your application code to adapt `driver/i2c_master.h`[0m
[0;32mI (682) main_task: Started on CPU0[0m
[0;32mI (692) main_task: Calling app_main()[0m
[0;32mI (692) FIRMWARE: Version: 0.1.1[0m
[0;32mI (692) CONFIG: CLOCK[0m
[0;31mE (692) i2c: i2c_master_cmd_begin(1552): i2c driver not installed[0m
[0;31mE (702) i2c: i2c_master_cmd_begin(1552): i2c driver not installed[0m
[0;31mE (702) i2c: i2c_master_cmd_begin(1552): i2c driver not installed[0m
[0;32mI (722) SERVER: Initializing the server...[0m
[0;32mI (762) INIT: web_app_version found: 0.0.0[0m
[0;32mI (762) INIT: firm_version found: 0.0.0[0m
[0;32mI (762) mdns_mem: mDNS task will be created from internal RAM[0m
[0;33mW (772) MQTT: MQTT enable flag not found in NVS, defaulting to disabled[0m
[0;33mW (772) MQTT: MQTT broker address not found, using empty string[0m
I (782) wifi:wifi driver task: 3ffc8f08, prio:23, stack:6656, core=0
[0;33mW (792) MQTT: MQTT port not found, defaulting to 1883[0m
[0;32mI (792) RTC: RTCHandlingTask[0m
[0;32mI (792) MQTT: MQTT is disabled in configuration[0m
[0;32mI (802) MQTT: MQTT disabled in configuration; waiting for update[0m
I (802) wifi:wifi firmware version: f3dbad7
I (812) wifi:wifi certification version: v7.0
I (812) wifi:config NVS flash: enabled
I (822) wifi:config nano formatting: disabled
I (822) wifi:Init data frame dynamic rx buffer num: 32
I (832) wifi:Init static rx mgmt buffer num: 5
I (832) wifi:Init management short buffer num: 32
I (832) wifi:Init dynamic tx buffer num: 32
I (842) wifi:Init static rx buffer size: 1600
I (842) wifi:Init static rx buffer num: 10
I (852) wifi:Init dynamic rx buffer num: 32
[0;32mI (852) wifi_init: rx ba win: 6[0m
[0;32mI (852) wifi_init: accept mbox: 6[0m
[0;32mI (862) wifi_init: tcpip mbox: 32[0m
[0;32mI (862) wifi_init: udp mbox: 6[0m
[0;32mI (872) wifi_init: tcp mbox: 6[0m
[0;32mI (872) wifi_init: tcp tx win: 5744[0m
[0;32mI (872) wifi_init: tcp rx win: 5744[0m
[0;32mI (882) wifi_init: tcp mss: 1440[0m
[0;32mI (882) wifi_init: WiFi IRAM OP enabled[0m
[0;32mI (892) wifi_init: WiFi RX IRAM OP enabled[0m
[0;32mI (892) phy_init: phy_version 4860,6b7a6e5,Feb  6 2025,14:47:07[0m
I BOD: Brownout detector was triggered


ets Jul 29 2019 12:21:46

rst:0x3 (SW_RESET),boot:0x13 (SPI_FAST_FLASH_BOOT)
configsip: 0, SPIWP:0xee
clk_drv:0x00,q_drv:0x00,d_drv:0x00,cs0_drv:0x00,hd_drv:0x00,wp_drv:0x00
mode:DIO, clock div:2
load:0x3fff0030,len:6380
ho 0 tail 12 room 4
load:0x40078000,len:15916
load:0x40080400,len:3860
entry 0x40080638
I (56) boot: ESP-IDF v5.5 2nd stage bootloader
